../Inc/main.h:131:26:Delay_us	16	static
../Driver/SPI/SPI.c:19:6:SPI1_TX_ISR	4	static
../Driver/SPI/SPI.c:24:6:SPI1_RX_ISR	4	static
../Driver/SPI/SPI.c:44:13:xDMA1_TX_Init	16	static
../Driver/SPI/SPI.c:63:13:xDMA2_TX_Init	16	static
../Driver/SPI/SPI.c:77:13:xDMA3_TX_Init	16	static
../Driver/SPI/SPI.c:95:13:xDMA1_RX_Init	16	static
../Driver/SPI/SPI.c:114:13:xDMA2_RX_Init	16	static
../Driver/SPI/SPI.c:132:13:xDMA3_RX_Init	8	static
../Driver/SPI/SPI.c:151:8:SPI_Clock_Enable	24	static
../Driver/SPI/SPI.c:168:8:SPI_Clock_Disable	24	static
../Driver/SPI/SPI.c:185:8:SPI_Config_Reset	24	static
../Driver/SPI/SPI.c:214:13:SPI_Pin_Init	40	static
../Driver/SPI/SPI.c:342:8:SPI_Init	16	static
../Driver/SPI/SPI.c:465:6:SPI_Enable	16	static
../Driver/SPI/SPI.c:477:6:SPI_Disable	16	static
../Driver/SPI/SPI.c:489:6:SPI_DeInit	16	static
../Driver/SPI/SPI.c:505:10:SPI_TRX_Byte	24	static
../Driver/SPI/SPI.c:517:8:SPI_TRX_Buffer_16Bit	40	static,ignoring_inline_asm
../Driver/SPI/SPI.c:671:8:SPI_TRX_Buffer_8Bit	32	static,ignoring_inline_asm
../Driver/SPI/SPI.c:818:6:SPI_Data_Format_Update	16	static
