../Inc/core_cm4.h:1684:22:__NVIC_EnableIRQ	16	static,ignoring_inline_asm
../Driver/Timer/Timer.h:65:22:Timer_Trigger	16	static
../Driver/Timer/Timer.c:28:6:TIM1_BRK_TIM9_IRQHandler	8	static
../Driver/Timer/Timer.c:59:6:TIM1_UP_TIM10_IRQHandler	8	static
../Driver/Timer/Timer.c:77:6:TIM1_TRG_COM_TIM11_IRQHandler	8	static
../Driver/Timer/Timer.c:102:6:TIM1_CC_IRQHandler	8	static
../Driver/Timer/Timer.c:131:6:TIM2_IRQHandler	8	static
../Driver/Timer/Timer.c:169:6:TIM3_IRQHandler	8	static
../Driver/Timer/Timer.c:209:6:TIM4_IRQHandler	8	static
../Driver/Timer/Timer.c:249:6:TIM5_IRQHandler	8	static
../Driver/Timer/Timer.c:289:6:TIM6_DAC_IRQHandler	8	static
../Driver/Timer/Timer.c:297:6:TIM7_IRQHandler	8	static
../Driver/Timer/Timer.c:307:6:TIM8_BRK_TIM12_IRQHandler	8	static
../Driver/Timer/Timer.c:335:6:TIM8_UP_TIM13_IRQHandler	8	static
../Driver/Timer/Timer.c:353:6:TIM8_TRG_COM_TIM14_IRQHandler	8	static
../Driver/Timer/Timer.c:378:6:TIM8_CC_IRQHandler	8	static
../Driver/Timer/Timer.c:405:13:Timer_1_Pin_Init	40	static
../Driver/Timer/Timer.c:465:13:Timer_2_Pin_Init	40	static
../Driver/Timer/Timer.c:520:13:Timer_3_Pin_Init	40	static
../Driver/Timer/Timer.c:572:13:Timer_4_Pin_Init	40	static
../Driver/Timer/Timer.c:620:13:Timer_5_Pin_Init	40	static
../Driver/Timer/Timer.c:660:13:Timer_8_Pin_Init	40	static
../Driver/Timer/Timer.c:716:13:Timer_9_Pin_Init	40	static
../Driver/Timer/Timer.c:747:13:Timer_10_Pin_Init	40	static
../Driver/Timer/Timer.c:766:13:Timer_11_Pin_Init	40	static
../Driver/Timer/Timer.c:785:13:Timer_12_Pin_Init	40	static
../Driver/Timer/Timer.c:810:13:Timer_13_Pin_Init	40	static
../Driver/Timer/Timer.c:829:13:Timer_14_Pin_Init	40	static
../Driver/Timer/Timer.c:854:13:Input_Capture_Mode_Setup	16	static
../Driver/Timer/Timer.c:911:13:PWM_Input_Mode_Setup	16	static
../Driver/Timer/Timer.c:961:13:Encoder_Mode_Setup	16	static
../Driver/Timer/Timer.c:989:13:XOR_Mode_Setup	16	static
../Driver/Timer/Timer.c:998:13:PWM_Mode_Setup	16	static
../Driver/Timer/Timer.c:1067:13:Timer_Update	16	static
../Driver/Timer/Timer.c:1076:6:Timer_Init	16	static
../Driver/Timer/Timer.c:1142:6:PWM_Frequency_Update	24	static
../Driver/Timer/Timer.c:1155:6:PWM_Duty_Cycle_Update	24	static
../Driver/Timer/Timer.c:1167:6:Encoder_Start	16	static
../Driver/Timer/Timer.c:1174:10:Encoder_Read_Counts	16	static
../Driver/Timer/Timer.c:1179:9:Encoder_Get_Direction	16	static
../Driver/Timer/Timer.c:1193:6:Input_PWM_Channel_Set	16	static
../Driver/Timer/Timer.c:1200:6:Input_PWM_Get_Data	24	static
