../Inc/core_cm4.h:1814:22:__NVIC_SetPriority	16	static
../Inc/core_cm4.h:2022:26:SysTick_Config	16	static
../Inc/main.h:51:22:MCU_Clock_Setup	16	static
D:/STM32F407_Projects/Time_Delay_Relay_V1/Driver/GPIO/GPIO.h:71:23:GPIO_Pin_Low	16	static
D:/STM32F407_Projects/Time_Delay_Relay_V1/Driver/GPIO/GPIO.h:110:27:GPIO_Read_Pin	16	static
D:/STM32F407_Projects/Time_Delay_Relay_V1/Driver/GPIO/GPIO.h:121:23:GPIO_Pin_High	16	static
D:/STM32F407_Projects/Time_Delay_Relay_V1/Driver/Timer/Timer.h:65:22:Timer_Trigger	16	static
../Src/main.c:55:6:H1_L1	16	static
../Src/main.c:68:6:H1_L2	16	static
../Src/main.c:81:6:H2_L1	16	static
../Src/main.c:94:6:H2_L2	16	static
../Src/main.c:107:6:Speed_Tap_1	16	static
../Src/main.c:120:6:Speed_Tap_2	16	static
../Src/main.c:133:6:Safe_Shutdown	8	static
../Src/main.c:145:6:Delay_Timer_ISR	8	static
../Src/main.c:257:5:main	16	static
../Src/main.c:313:6:Input_Func	32	static
../Src/main.c:335:6:Output_Func	32	static
../Src/main.c:380:6:G_Call_ISR	16	static
../Src/main.c:394:6:W_Call_ISR	16	static
