Archive member included to satisfy reference by file (symbol)

C:/ST/STM32CubeIDE_1.17.0/STM32CubeIDE/plugins/com.st.stm32cube.ide.mcu.externaltools.gnu-tools-for-stm32.12.3.rel1.win32_1.1.0.202410251130/tools/bin/../lib/gcc/arm-none-eabi/12.3.1/../../../../arm-none-eabi/lib/thumb/v7e-m+fp/hard\libc_nano.a(libc_a-exit.o)
                              C:/ST/STM32CubeIDE_1.17.0/STM32CubeIDE/plugins/com.st.stm32cube.ide.mcu.externaltools.gnu-tools-for-stm32.12.3.rel1.win32_1.1.0.202410251130/tools/bin/../lib/gcc/arm-none-eabi/12.3.1/../../../../arm-none-eabi/lib/thumb/v7e-m+fp/hard/crt0.o (exit)
C:/ST/STM32CubeIDE_1.17.0/STM32CubeIDE/plugins/com.st.stm32cube.ide.mcu.externaltools.gnu-tools-for-stm32.12.3.rel1.win32_1.1.0.202410251130/tools/bin/../lib/gcc/arm-none-eabi/12.3.1/../../../../arm-none-eabi/lib/thumb/v7e-m+fp/hard\libc_nano.a(libc_a-nano-vfprintf.o)
                              ./Driver/Logs/Logs.o (vfprintf)
C:/ST/STM32CubeIDE_1.17.0/STM32CubeIDE/plugins/com.st.stm32cube.ide.mcu.externaltools.gnu-tools-for-stm32.12.3.rel1.win32_1.1.0.202410251130/tools/bin/../lib/gcc/arm-none-eabi/12.3.1/../../../../arm-none-eabi/lib/thumb/v7e-m+fp/hard\libc_nano.a(libc_a-nano-vfprintf_i.o)
                              C:/ST/STM32CubeIDE_1.17.0/STM32CubeIDE/plugins/com.st.stm32cube.ide.mcu.externaltools.gnu-tools-for-stm32.12.3.rel1.win32_1.1.0.202410251130/tools/bin/../lib/gcc/arm-none-eabi/12.3.1/../../../../arm-none-eabi/lib/thumb/v7e-m+fp/hard\libc_nano.a(libc_a-nano-vfprintf.o) (_printf_i)
C:/ST/STM32CubeIDE_1.17.0/STM32CubeIDE/plugins/com.st.stm32cube.ide.mcu.externaltools.gnu-tools-for-stm32.12.3.rel1.win32_1.1.0.202410251130/tools/bin/../lib/gcc/arm-none-eabi/12.3.1/../../../../arm-none-eabi/lib/thumb/v7e-m+fp/hard\libc_nano.a(libc_a-findfp.o)
                              C:/ST/STM32CubeIDE_1.17.0/STM32CubeIDE/plugins/com.st.stm32cube.ide.mcu.externaltools.gnu-tools-for-stm32.12.3.rel1.win32_1.1.0.202410251130/tools/bin/../lib/gcc/arm-none-eabi/12.3.1/../../../../arm-none-eabi/lib/thumb/v7e-m+fp/hard\libc_nano.a(libc_a-exit.o) (__stdio_exit_handler)
C:/ST/STM32CubeIDE_1.17.0/STM32CubeIDE/plugins/com.st.stm32cube.ide.mcu.externaltools.gnu-tools-for-stm32.12.3.rel1.win32_1.1.0.202410251130/tools/bin/../lib/gcc/arm-none-eabi/12.3.1/../../../../arm-none-eabi/lib/thumb/v7e-m+fp/hard\libc_nano.a(libc_a-fvwrite.o)
                              C:/ST/STM32CubeIDE_1.17.0/STM32CubeIDE/plugins/com.st.stm32cube.ide.mcu.externaltools.gnu-tools-for-stm32.12.3.rel1.win32_1.1.0.202410251130/tools/bin/../lib/gcc/arm-none-eabi/12.3.1/../../../../arm-none-eabi/lib/thumb/v7e-m+fp/hard\libc_nano.a(libc_a-nano-vfprintf.o) (__sfvwrite_r)
C:/ST/STM32CubeIDE_1.17.0/STM32CubeIDE/plugins/com.st.stm32cube.ide.mcu.externaltools.gnu-tools-for-stm32.12.3.rel1.win32_1.1.0.202410251130/tools/bin/../lib/gcc/arm-none-eabi/12.3.1/../../../../arm-none-eabi/lib/thumb/v7e-m+fp/hard\libc_nano.a(libc_a-fwalk.o)
                              C:/ST/STM32CubeIDE_1.17.0/STM32CubeIDE/plugins/com.st.stm32cube.ide.mcu.externaltools.gnu-tools-for-stm32.12.3.rel1.win32_1.1.0.202410251130/tools/bin/../lib/gcc/arm-none-eabi/12.3.1/../../../../arm-none-eabi/lib/thumb/v7e-m+fp/hard\libc_nano.a(libc_a-findfp.o) (_fwalk_sglue)
C:/ST/STM32CubeIDE_1.17.0/STM32CubeIDE/plugins/com.st.stm32cube.ide.mcu.externaltools.gnu-tools-for-stm32.12.3.rel1.win32_1.1.0.202410251130/tools/bin/../lib/gcc/arm-none-eabi/12.3.1/../../../../arm-none-eabi/lib/thumb/v7e-m+fp/hard\libc_nano.a(libc_a-printf.o)
                              ./Driver/Logs/Logs.o (printf)
C:/ST/STM32CubeIDE_1.17.0/STM32CubeIDE/plugins/com.st.stm32cube.ide.mcu.externaltools.gnu-tools-for-stm32.12.3.rel1.win32_1.1.0.202410251130/tools/bin/../lib/gcc/arm-none-eabi/12.3.1/../../../../arm-none-eabi/lib/thumb/v7e-m+fp/hard\libc_nano.a(libc_a-putchar.o)
                              ./Driver/Logs/Logs.o (putchar)
C:/ST/STM32CubeIDE_1.17.0/STM32CubeIDE/plugins/com.st.stm32cube.ide.mcu.externaltools.gnu-tools-for-stm32.12.3.rel1.win32_1.1.0.202410251130/tools/bin/../lib/gcc/arm-none-eabi/12.3.1/../../../../arm-none-eabi/lib/thumb/v7e-m+fp/hard\libc_nano.a(libc_a-puts.o)
                              ./Driver/Logs/Logs.o (puts)
C:/ST/STM32CubeIDE_1.17.0/STM32CubeIDE/plugins/com.st.stm32cube.ide.mcu.externaltools.gnu-tools-for-stm32.12.3.rel1.win32_1.1.0.202410251130/tools/bin/../lib/gcc/arm-none-eabi/12.3.1/../../../../arm-none-eabi/lib/thumb/v7e-m+fp/hard\libc_nano.a(libc_a-stdio.o)
                              C:/ST/STM32CubeIDE_1.17.0/STM32CubeIDE/plugins/com.st.stm32cube.ide.mcu.externaltools.gnu-tools-for-stm32.12.3.rel1.win32_1.1.0.202410251130/tools/bin/../lib/gcc/arm-none-eabi/12.3.1/../../../../arm-none-eabi/lib/thumb/v7e-m+fp/hard\libc_nano.a(libc_a-findfp.o) (__sread)
[...]
Memory Configuration

Name             Origin             Length             Attributes
CCMRAM           0x10000000         0x00010000         xrw
RAM              0x20000000         0x00020000         xrw
FLASH            0x08000000         0x00100000         xr
*default*        0x00000000         0xffffffff

Linker script and memory map

LOAD C:/ST/STM32CubeIDE_1.17.0/STM32CubeIDE/plugins/com.st.stm32cube.ide.mcu.externaltools.gnu-tools-for-stm32.12.3.rel1.win32_1.1.0.202410251130/tools/bin/../lib/gcc/arm-none-eabi/12.3.1/thumb/v7e-m+fp/hard/crti.o
LOAD C:/ST/STM32CubeIDE_1.17.0/STM32CubeIDE/plugins/com.st.stm32cube.ide.mcu.externaltools.gnu-tools-for-stm32.12.3.rel1.win32_1.1.0.202410251130/tools/bin/../lib/gcc/arm-none-eabi/12.3.1/thumb/v7e-m+fp/hard/crtbegin.o
LOAD C:/ST/STM32CubeIDE_1.17.0/STM32CubeIDE/plugins/com.st.stm32cube.ide.mcu.externaltools.gnu-tools-for-stm32.12.3.rel1.win32_1.1.0.202410251130/tools/bin/../lib/gcc/arm-none-eabi/12.3.1/../../../../arm-none-eabi/lib/thumb/v7e-m+fp/hard/crt0.o
LOAD ./Driver/CAN/CAN.o
LOAD ./Driver/Console/Console.o
LOAD ./Driver/DMA/DMA.o
LOAD ./Driver/GPIO/GPIO.o
LOAD ./Driver/I2C/I2C.o
LOAD ./Driver/Logs/Logs.o
LOAD ./Driver/SPI/SPI.o
LOAD ./Driver/Timer/Timer.o
LOAD ./Driver/USART/USART.o
LOAD ./Src/main.o
LOAD ./Src/syscalls.o
LOAD ./Src/sysmem.o
LOAD ./Src/system_stm32f4xx.o
LOAD ./Startup/startup_stm32f407vgtx.o
START GROUP
LOAD C:/ST/STM32CubeIDE_1.17.0/STM32CubeIDE/plugins/com.st.stm32cube.ide.mcu.externaltools.gnu-tools-for-stm32.12.3.rel1.win32_1.1.0.202410251130/tools/bin/../lib/gcc/arm-none-eabi/12.3.1/../../../../arm-none-eabi/lib/thumb/v7e-m+fp/hard\libc_nano.a
LOAD C:/ST/STM32CubeIDE_1.17.0/STM32CubeIDE/plugins/com.st.stm32cube.ide.mcu.externaltools.gnu-tools-for-stm32.12.3.rel1.win32_1.1.0.202410251130/tools/bin/../lib/gcc/arm-none-eabi/12.3.1/../../../../arm-none-eabi/lib/thumb/v7e-m+fp/hard\libm.a
END GROUP
START GROUP
LOAD C:/ST/STM32CubeIDE_1.17.0/STM32CubeIDE/plugins/com.st.stm32cube.ide.mcu.externaltools.gnu-tools-for-stm32.12.3.rel1.win32_1.1.0.202410251130/tools/bin/../lib/gcc/arm-none-eabi/12.3.1/thumb/v7e-m+fp/hard\libgcc.a
LOAD C:/ST/STM32CubeIDE_1.17.0/STM32CubeIDE/plugins/com.st.stm32cube.ide.mcu.externaltools.gnu-tools-for-stm32.12.3.rel1.win32_1.1.0.202410251130/tools/bin/../lib/gcc/arm-none-eabi/12.3.1/../../../../arm-none-eabi/lib/thumb/v7e-m+fp/hard\libc_nano.a
END GROUP
START GROUP
LOAD C:/ST/STM32CubeIDE_1.17.0/STM32CubeIDE/plugins/com.st.stm32cube.ide.mcu.externaltools.gnu-tools-for-stm32.12.3.rel1.win32_1.1.0.202410251130/tools/bin/../lib/gcc/arm-none-eabi/12.3.1/thumb/v7e-m+fp/hard\libgcc.a
LOAD C:/ST/STM32CubeIDE_1.17.0/STM32CubeIDE/plugins/com.st.stm32cube.ide.mcu.externaltools.gnu-tools-for-stm32.12.3.rel1.win32_1.1.0.202410251130/tools/bin/../lib/gcc/arm-none-eabi/12.3.1/../../../../arm-none-eabi/lib/thumb/v7e-m+fp/hard\libc_nano.a
LOAD C:/ST/STM32CubeIDE_1.17.0/STM32CubeIDE/plugins/com.st.stm32cube.ide.mcu.externaltools.gnu-tools-for-stm32.12.3.rel1.win32_1.1.0.202410251130/tools/bin/../lib/gcc/arm-none-eabi/12.3.1/../../../../arm-none-eabi/lib/thumb/v7e-m+fp/hard\libnosys.a
END GROUP
START GROUP
LOAD C:/ST/STM32CubeIDE_1.17.0/STM32CubeIDE/plugins/com.st.stm32cube.ide.mcu.externaltools.gnu-tools-for-stm32.12.3.rel1.win32_1.1.0.202410251130/tools/bin/../lib/gcc/arm-none-eabi/12.3.1/thumb/v7e-m+fp/hard\libgcc.a
LOAD C:/ST/STM32CubeIDE_1.17.0/STM32CubeIDE/plugins/com.st.stm32cube.ide.mcu.externaltools.gnu-tools-for-stm32.12.3.rel1.win32_1.1.0.202410251130/tools/bin/../lib/gcc/arm-none-eabi/12.3.1/../../../../arm-none-eabi/lib/thumb/v7e-m+fp/hard\libc_nano.a
LOAD C:/ST/STM32CubeIDE_1.17.0/STM32CubeIDE/plugins/com.st.stm32cube.ide.mcu.externaltools.gnu-tools-for-stm32.12.3.rel1.win32_1.1.0.202410251130/tools/bin/../lib/gcc/arm-none-eabi/12.3.1/../../../../arm-none-eabi/lib/thumb/v7e-m+fp/hard\libnosys.a
END GROUP
LOAD C:/ST/STM32CubeIDE_1.17.0/STM32CubeIDE/plugins/com.st.stm32cube.ide.mcu.externaltools.gnu-tools-for-stm32.12.3.rel1.win32_1.1.0.202410251130/tools/bin/../lib/gcc/arm-none-eabi/12.3.1/thumb/v7e-m+fp/hard/crtend.o
LOAD C:/ST/STM32CubeIDE_1.17.0/STM32CubeIDE/plugins/com.st.stm32cube.ide.mcu.externaltools.gnu-tools-for-stm32.12.3.rel1.win32_1.1.0.202410251130/tools/bin/../lib/gcc/arm-none-eabi/12.3.1/thumb/v7e-m+fp/hard/crtn.o
                0x20020000                        _estack = (ORIGIN (RAM) + LENGTH (RAM))
                0x00000200                        _Min_Heap_Size = 0x200
                0x00000400                        _Min_Stack_Size = 0x400

.isr_vector     0x08000000      0x188
                0x08000000                        . = ALIGN (0x4)
 *(.isr_vector)
 .isr_vector    0x08000000      0x188 ./Startup/startup_stm32f407vgtx.o
                0x08000000                g_pfnVectors
                0x08000188                        . = ALIGN (0x4)

.text           0x08000188     0x2e80
                0x08000188                        . = ALIGN (0x4)
 *(.text)
 .text          0x08000188       0x40 C:/ST/STM32CubeIDE_1.17.0/STM32CubeIDE/plugins/com.st.stm32cube.ide.mcu.externaltools.gnu-tools-for-stm32.12.3.rel1.win32_1.1.0.202410251130/tools/bin/../lib/gcc/arm-none-eabi/12.3.1/thumb/v7e-m+fp/hard/crtbegin.o
 *(.text*)
 .text.__NVIC_EnableIRQ.part.0
                0x080001c8       0x18 ./Driver/DMA/DMA.o
 .text.DMA1_Stream0_IRQHandler
                0x080001e0       0xec ./Driver/DMA/DMA.o
                0x080001e0                DMA1_Stream0_IRQHandler
 .text.DMA1_Stream1_IRQHandler
                0x080002cc       0xec ./Driver/DMA/DMA.o
                0x080002cc                DMA1_Stream1_IRQHandler
 .text.DMA1_Stream2_IRQHandler
                0x080003b8       0xec ./Driver/DMA/DMA.o
                0x080003b8                DMA1_Stream2_IRQHandler
 .text.DMA1_Stream3_IRQHandler
                0x080004a4       0xec ./Driver/DMA/DMA.o
                0x080004a4                DMA1_Stream3_IRQHandler
 .text.DMA1_Stream4_IRQHandler
                0x08000590       0xd0 ./Driver/DMA/DMA.o
                0x08000590                DMA1_Stream4_IRQHandler
 .text.DMA1_Stream5_IRQHandler
                0x08000660       0xd0 ./Driver/DMA/DMA.o
                0x08000660                DMA1_Stream5_IRQHandler
 .text.DMA1_Stream6_IRQHandler
                0x08000730       0xd0 ./Driver/DMA/DMA.o
                0x08000730                DMA1_Stream6_IRQHandler
 .text.DMA1_Stream7_IRQHandler
                0x08000800       0xd0 ./Driver/DMA/DMA.o
                0x08000800                DMA1_Stream7_IRQHandler
 .text.DMA2_Stream0_IRQHandler
                0x080008d0       0xec ./Driver/DMA/DMA.o
                0x080008d0                DMA2_Stream0_IRQHandler
 .text.DMA2_Stream1_IRQHandler
                0x080009bc       0xd0 ./Driver/DMA/DMA.o
                0x080009bc                DMA2_Stream1_IRQHandler
 .text.DMA2_Stream2_IRQHandler
                0x08000a8c       0xd0 ./Driver/DMA/DMA.o
                0x08000a8c                DMA2_Stream2_IRQHandler
 .text.DMA2_Stream3_IRQHandler
                0x08000b5c       0xec ./Driver/DMA/DMA.o
                0x08000b5c                DMA2_Stream3_IRQHandler
 .text.DMA2_Stream4_IRQHandler
                0x08000c48       0xd0 ./Driver/DMA/DMA.o
                0x08000c48                DMA2_Stream4_IRQHandler
 .text.DMA2_Stream5_IRQHandler
                0x08000d18       0xd0 ./Driver/DMA/DMA.o
                0x08000d18                DMA2_Stream5_IRQHandler
 .text.DMA2_Stream6_IRQHandler
                0x08000de8       0xd0 ./Driver/DMA/DMA.o
                0x08000de8                DMA2_Stream6_IRQHandler
 .text.DMA2_Stream7_IRQHandler
                0x08000eb8       0xd0 ./Driver/DMA/DMA.o
                0x08000eb8                DMA2_Stream7_IRQHandler
 .text.DMA_Clock_Enable
                0x08000f88       0x30 ./Driver/DMA/DMA.o
                0x08000f88                DMA_Clock_Enable
 .text.DMA_Init
                0x08000fb8      0x248 ./Driver/DMA/DMA.o
                0x08000fb8                DMA_Init
 .text.EXTI0_IRQHandler
                0x08001200       0x20 ./Driver/GPIO/GPIO.o
                0x08001200                EXTI0_IRQHandler
 .text.EXTI1_IRQHandler
                0x08001220       0x20 ./Driver/GPIO/GPIO.o
                0x08001220                EXTI1_IRQHandler
 .text.EXTI2_IRQHandler
                0x08001240       0x20 ./Driver/GPIO/GPIO.o
                0x08001240                EXTI2_IRQHandler
 .text.EXTI3_IRQHandler
                0x08001260       0x20 ./Driver/GPIO/GPIO.o
                0x08001260                EXTI3_IRQHandler
 .text.EXTI4_IRQHandler
                0x08001280       0x20 ./Driver/GPIO/GPIO.o
                0x08001280                EXTI4_IRQHandler
 .text.EXTI9_5_IRQHandler
                0x080012a0       0x38 ./Driver/GPIO/GPIO.o
                0x080012a0                EXTI9_5_IRQHandler
 .text.EXTI15_10_IRQHandler
                0x080012d8       0x38 ./Driver/GPIO/GPIO.o
                0x080012d8                EXTI15_10_IRQHandler
 .text.GPIO_Interrupt_Setup
                0x08001310      0x110 ./Driver/GPIO/GPIO.o
                0x08001310                GPIO_Interrupt_Setup
 .text.GPIO_Clock_Enable
                0x08001420       0x94 ./Driver/GPIO/GPIO.o
                0x08001420                GPIO_Clock_Enable
 .text.GPIO_Pin_Init
                0x080014b4       0xd0 ./Driver/GPIO/GPIO.o
                0x080014b4                GPIO_Pin_Init
 .text.__NVIC_EnableIRQ.part.0
                0x08001584       0x18 ./Driver/Timer/Timer.o
 .text.TIM1_BRK_TIM9_IRQHandler
                0x0800159c       0x80 ./Driver/Timer/Timer.o
                0x0800159c                TIM1_BRK_TIM9_IRQHandler
 .text.TIM1_UP_TIM10_IRQHandler
                0x0800161c       0x54 ./Driver/Timer/Timer.o
                0x0800161c                TIM1_UP_TIM10_IRQHandler
 .text.TIM1_TRG_COM_TIM11_IRQHandler
                0x08001670       0x6c ./Driver/Timer/Timer.o
                0x08001670                TIM1_TRG_COM_TIM11_IRQHandler
 .text.TIM1_CC_IRQHandler
                0x080016dc       0x64 ./Driver/Timer/Timer.o
                0x080016dc                TIM1_CC_IRQHandler
 .text.TIM2_IRQHandler
                0x08001740       0x94 ./Driver/Timer/Timer.o
                0x08001740                TIM2_IRQHandler
 .text.TIM3_IRQHandler
                0x080017d4       0x8c ./Driver/Timer/Timer.o
                0x080017d4                TIM3_IRQHandler
 .text.TIM4_IRQHandler
                0x08001860       0x8c ./Driver/Timer/Timer.o
                0x08001860                TIM4_IRQHandler
 .text.TIM5_IRQHandler
                0x080018ec       0x8c ./Driver/Timer/Timer.o
                0x080018ec                TIM5_IRQHandler
 .text.TIM6_DAC_IRQHandler
                0x08001978       0x20 ./Driver/Timer/Timer.o
                0x08001978                TIM6_DAC_IRQHandler
 .text.TIM7_IRQHandler
                0x08001998       0x20 ./Driver/Timer/Timer.o
                0x08001998                TIM7_IRQHandler
 .text.TIM8_BRK_TIM12_IRQHandler
                0x080019b8       0x7c ./Driver/Timer/Timer.o
                0x080019b8                TIM8_BRK_TIM12_IRQHandler
 .text.TIM8_UP_TIM13_IRQHandler
                0x08001a34       0x54 ./Driver/Timer/Timer.o
                0x08001a34                TIM8_UP_TIM13_IRQHandler
 .text.TIM8_TRG_COM_TIM14_IRQHandler
                0x08001a88       0x68 ./Driver/Timer/Timer.o
                0x08001a88                TIM8_TRG_COM_TIM14_IRQHandler
 .text.TIM8_CC_IRQHandler
                0x08001af0       0x60 ./Driver/Timer/Timer.o
                0x08001af0                TIM8_CC_IRQHandler
 .text.Timer_Init
                0x08001b50      0xd24 ./Driver/Timer/Timer.o
                0x08001b50                Timer_Init
 .text.UART4_IRQHandler
                0x08002874       0xdc ./Driver/USART/USART.o
                0x08002874                UART4_IRQHandler
 .text.USART1_IRQHandler
                0x08002950       0xd0 ./Driver/USART/USART.o
                0x08002950                USART1_IRQHandler
 .text.G_Call_ISR
                0x08002a20       0x24 ./Src/main.o
                0x08002a20                G_Call_ISR
 .text.W_Call_ISR
                0x08002a44       0x24 ./Src/main.o
                0x08002a44                W_Call_ISR
 .text.H1_L1    0x08002a68       0x28 ./Src/main.o
                0x08002a68                H1_L1
 .text.H1_L2    0x08002a90       0x28 ./Src/main.o
                0x08002a90                H1_L2
 .text.H2_L1    0x08002ab8       0x28 ./Src/main.o
                0x08002ab8                H2_L1
 .text.H2_L2    0x08002ae0       0x28 ./Src/main.o
                0x08002ae0                H2_L2
 .text.Speed_Tap_1
                0x08002b08       0x28 ./Src/main.o
                0x08002b08                Speed_Tap_1
 .text.Speed_Tap_2
                0x08002b30       0x28 ./Src/main.o
                0x08002b30                Speed_Tap_2
 .text.Delay_Timer_ISR
                0x08002b58      0x1a4 ./Src/main.o
                0x08002b58                Delay_Timer_ISR
 .text.startup.main
                0x08002cfc      0x1d8 ./Src/main.o
                0x08002cfc                main
 .text.SystemInit
                0x08002ed4       0x14 ./Src/system_stm32f4xx.o
                0x08002ed4                SystemInit
 .text.SystemCoreClockUpdate
                0x08002ee8       0x6c ./Src/system_stm32f4xx.o
                0x08002ee8                SystemCoreClockUpdate
 .text.Reset_Handler
                0x08002f54       0x50 ./Startup/startup_stm32f407vgtx.o
                0x08002f54                Reset_Handler
 .text.Default_Handler
                0x08002fa4        0x2 ./Startup/startup_stm32f407vgtx.o
                0x08002fa4                RTC_Alarm_IRQHandler
                0x08002fa4                HASH_RNG_IRQHandler
                0x08002fa4                DebugMon_Handler
                0x08002fa4                HardFault_Handler
                0x08002fa4                SysTick_Handler
                0x08002fa4                PVD_IRQHandler
                0x08002fa4                SDIO_IRQHandler
                0x08002fa4                TAMP_STAMP_IRQHandler
                0x08002fa4                PendSV_Handler
                0x08002fa4                NMI_Handler
                0x08002fa4                CAN2_RX1_IRQHandler
                0x08002fa4                I2C3_ER_IRQHandler
                0x08002fa4                I2C2_EV_IRQHandler
                0x08002fa4                CAN1_RX0_IRQHandler
                0x08002fa4                FPU_IRQHandler
                0x08002fa4                OTG_HS_WKUP_IRQHandler
                0x08002fa4                UsageFault_Handler
                0x08002fa4                CAN2_SCE_IRQHandler
                0x08002fa4                SPI1_IRQHandler
                0x08002fa4                DCMI_IRQHandler
                0x08002fa4                CAN2_RX0_IRQHandler
                0x08002fa4                USART6_IRQHandler
                0x08002fa4                USART3_IRQHandler
                0x08002fa4                CRYP_IRQHandler
                0x08002fa4                CAN1_RX1_IRQHandler
                0x08002fa4                UART5_IRQHandler
                0x08002fa4                I2C1_EV_IRQHandler
                0x08002fa4                RCC_IRQHandler
                0x08002fa4                Default_Handler
                0x08002fa4                ADC_IRQHandler
                0x08002fa4                CAN2_TX_IRQHandler
                0x08002fa4                I2C3_EV_IRQHandler
                0x08002fa4                RTC_WKUP_IRQHandler
                0x08002fa4                ETH_WKUP_IRQHandler
                0x08002fa4                SPI2_IRQHandler
                0x08002fa4                OTG_HS_EP1_IN_IRQHandler
                0x08002fa4                MemManage_Handler
                0x08002fa4                CAN1_TX_IRQHandler
                0x08002fa4                SVC_Handler
                0x08002fa4                FSMC_IRQHandler
                0x08002fa4                ETH_IRQHandler
                0x08002fa4                OTG_HS_EP1_OUT_IRQHandler
                0x08002fa4                WWDG_IRQHandler
                0x08002fa4                OTG_FS_WKUP_IRQHandler
                0x08002fa4                OTG_HS_IRQHandler
                0x08002fa4                USART2_IRQHandler
                0x08002fa4                I2C2_ER_IRQHandler
                0x08002fa4                CAN1_SCE_IRQHandler
                0x08002fa4                BusFault_Handler
                0x08002fa4                OTG_FS_IRQHandler
                0x08002fa4                SPI3_IRQHandler
                0x08002fa4                I2C1_ER_IRQHandler
 *fill*         0x08002fa6        0x2 
 .text.__libc_init_array
                0x08002fa8       0x48 C:/ST/STM32CubeIDE_1.17.0/STM32CubeIDE/plugins/com.st.stm32cube.ide.mcu.externaltools.gnu-tools-for-stm32.12.3.rel1.win32_1.1.0.202410251130/tools/bin/../lib/gcc/arm-none-eabi/12.3.1/../../../../arm-none-eabi/lib/thumb/v7e-m+fp/hard\libc_nano.a(libc_a-init.o)
                0x08002fa8                __libc_init_array
 *(.glue_7)
 .glue_7        0x08002ff0        0x0 linker stubs
 *(.glue_7t)
 .glue_7t       0x08002ff0        0x0 linker stubs
 *(.eh_frame)
 .eh_frame      0x08002ff0        0x0 C:/ST/STM32CubeIDE_1.17.0/STM32CubeIDE/plugins/com.st.stm32cube.ide.mcu.externaltools.gnu-tools-for-stm32.12.3.rel1.win32_1.1.0.202410251130/tools/bin/../lib/gcc/arm-none-eabi/12.3.1/thumb/v7e-m+fp/hard/crtbegin.o
 *(.init)
 .init          0x08002ff0        0x4 C:/ST/STM32CubeIDE_1.17.0/STM32CubeIDE/plugins/com.st.stm32cube.ide.mcu.externaltools.gnu-tools-for-stm32.12.3.rel1.win32_1.1.0.202410251130/tools/bin/../lib/gcc/arm-none-eabi/12.3.1/thumb/v7e-m+fp/hard/crti.o
                0x08002ff0                _init
 .init          0x08002ff4        0x8 C:/ST/STM32CubeIDE_1.17.0/STM32CubeIDE/plugins/com.st.stm32cube.ide.mcu.externaltools.gnu-tools-for-stm32.12.3.rel1.win32_1.1.0.202410251130/tools/bin/../lib/gcc/arm-none-eabi/12.3.1/thumb/v7e-m+fp/hard/crtn.o
 *(.fini)
 .fini          0x08002ffc        0x4 C:/ST/STM32CubeIDE_1.17.0/STM32CubeIDE/plugins/com.st.stm32cube.ide.mcu.externaltools.gnu-tools-for-stm32.12.3.rel1.win32_1.1.0.202410251130/tools/bin/../lib/gcc/arm-none-eabi/12.3.1/thumb/v7e-m+fp/hard/crti.o
                0x08002ffc                _fini
 .fini          0x08003000        0x8 C:/ST/STM32CubeIDE_1.17.0/STM32CubeIDE/plugins/com.st.stm32cube.ide.mcu.externaltools.gnu-tools-for-stm32.12.3.rel1.win32_1.1.0.202410251130/tools/bin/../lib/gcc/arm-none-eabi/12.3.1/thumb/v7e-m+fp/hard/crtn.o
                0x08003008                        . = ALIGN (0x4)
                0x08003008                        _etext = .

.vfp11_veneer   0x08003008        0x0
 .vfp11_veneer  0x08003008        0x0 linker stubs

.v4_bx          0x08003008        0x0
 .v4_bx         0x08003008        0x0 linker stubs

.iplt           0x08003008        0x0
 .iplt          0x08003008        0x0 C:/ST/STM32CubeIDE_1.17.0/STM32CubeIDE/plugins/com.st.stm32cube.ide.mcu.externaltools.gnu-tools-for-stm32.12.3.rel1.win32_1.1.0.202410251130/tools/bin/../lib/gcc/arm-none-eabi/12.3.1/thumb/v7e-m+fp/hard/crtbegin.o

.rodata         0x08003008       0x10
                0x08003008                        . = ALIGN (0x4)
 *(.rodata)
 *(.rodata*)
 .rodata.AHBPrescTable
                0x08003008       0x10 ./Src/system_stm32f4xx.o
                0x08003008                AHBPrescTable
                0x08003018                        . = ALIGN (0x4)

.ARM.extab      0x08003018        0x0
                0x08003018                        . = ALIGN (0x4)
 *(.ARM.extab* .gnu.linkonce.armextab.*)
                0x08003018                        . = ALIGN (0x4)

.ARM            0x08003018        0x0
                0x08003018                        . = ALIGN (0x4)
                0x08003018                        __exidx_start = .
 *(.ARM.exidx*)
                0x08003018                        __exidx_end = .
                0x08003018                        . = ALIGN (0x4)

.preinit_array  0x08003018        0x0
                0x08003018                        . = ALIGN (0x4)
                0x08003018                        PROVIDE (__preinit_array_start = .)
 *(.preinit_array*)
                0x08003018                        PROVIDE (__preinit_array_end = .)
                0x08003018                        . = ALIGN (0x4)

.init_array     0x08003018        0x4
                0x08003018                        . = ALIGN (0x4)
                0x08003018                        PROVIDE (__init_array_start = .)
 *(SORT_BY_NAME(.init_array.*))
 *(.init_array*)
 .init_array    0x08003018        0x4 C:/ST/STM32CubeIDE_1.17.0/STM32CubeIDE/plugins/com.st.stm32cube.ide.mcu.externaltools.gnu-tools-for-stm32.12.3.rel1.win32_1.1.0.202410251130/tools/bin/../lib/gcc/arm-none-eabi/12.3.1/thumb/v7e-m+fp/hard/crtbegin.o
                0x0800301c                        PROVIDE (__init_array_end = .)
                0x0800301c                        . = ALIGN (0x4)

.fini_array     0x0800301c        0x4
                0x0800301c                        . = ALIGN (0x4)
                [!provide]                        PROVIDE (__fini_array_start = .)
 *(SORT_BY_NAME(.fini_array.*))
 *(.fini_array*)
 .fini_array    0x0800301c        0x4 C:/ST/STM32CubeIDE_1.17.0/STM32CubeIDE/plugins/com.st.stm32cube.ide.mcu.externaltools.gnu-tools-for-stm32.12.3.rel1.win32_1.1.0.202410251130/tools/bin/../lib/gcc/arm-none-eabi/12.3.1/thumb/v7e-m+fp/hard/crtbegin.o
                [!provide]                        PROVIDE (__fini_array_end = .)
                0x08003020                        . = ALIGN (0x4)
                0x08003020                        _sidata = LOADADDR (.data)

.rel.dyn        0x08003020        0x0
 .rel.iplt      0x08003020        0x0 C:/ST/STM32CubeIDE_1.17.0/STM32CubeIDE/plugins/com.st.stm32cube.ide.mcu.externaltools.gnu-tools-for-stm32.12.3.rel1.win32_1.1.0.202410251130/tools/bin/../lib/gcc/arm-none-eabi/12.3.1/thumb/v7e-m+fp/hard/crtbegin.o

.data           0x20000000        0x4 load address 0x08003020
                0x20000000                        . = ALIGN (0x4)
                0x20000000                        _sdata = .
 *(.data)
 *(.data*)
 .data.SystemCoreClock
                0x20000000        0x4 ./Src/system_stm32f4xx.o
                0x20000000                SystemCoreClock
 *(.RamFunc)
 *(.RamFunc*)
                0x20000004                        . = ALIGN (0x4)
                0x20000004                        _edata = .
                0x08003024                        _siccmram = LOADADDR (.ccmram)

.igot.plt       0x20000004        0x0 load address 0x08003024
 .igot.plt      0x20000004        0x0 C:/ST/STM32CubeIDE_1.17.0/STM32CubeIDE/plugins/com.st.stm32cube.ide.mcu.externaltools.gnu-tools-for-stm32.12.3.rel1.win32_1.1.0.202410251130/tools/bin/../lib/gcc/arm-none-eabi/12.3.1/thumb/v7e-m+fp/hard/crtbegin.o

.ccmram         0x10000000        0x0 load address 0x08003024
                0x10000000                        . = ALIGN (0x4)
                0x10000000                        _sccmram = .
 *(.ccmram)
 *(.ccmram*)
                0x10000000                        . = ALIGN (0x4)
                0x10000000                        _eccmram = .
                0x10000000                        . = ALIGN (0x4)

.bss            0x20000004      0x1b0
                0x20000004                        _sbss = .
                0x20000004                        __bss_start__ = _sbss
 *(.bss)
 .bss           0x20000004       0x1c C:/ST/STM32CubeIDE_1.17.0/STM32CubeIDE/plugins/com.st.stm32cube.ide.mcu.externaltools.gnu-tools-for-stm32.12.3.rel1.win32_1.1.0.202410251130/tools/bin/../lib/gcc/arm-none-eabi/12.3.1/thumb/v7e-m+fp/hard/crtbegin.o
 *(.bss*)
 .bss.DMA_HISR  0x20000020        0x4 ./Driver/DMA/DMA.o
                0x20000020                DMA_HISR
 .bss.DMA_LISR  0x20000024        0x4 ./Driver/DMA/DMA.o
                0x20000024                DMA_LISR
 .bss.__DMA2_Stream7_Config__
                0x20000028        0x4 ./Driver/DMA/DMA.o
                0x20000028                __DMA2_Stream7_Config__
 .bss.__DMA2_Stream6_Config__
                0x2000002c        0x4 ./Driver/DMA/DMA.o
                0x2000002c                __DMA2_Stream6_Config__
 .bss.__DMA2_Stream5_Config__
                0x20000030        0x4 ./Driver/DMA/DMA.o
                0x20000030                __DMA2_Stream5_Config__
 .bss.__DMA2_Stream4_Config__
                0x20000034        0x4 ./Driver/DMA/DMA.o
                0x20000034                __DMA2_Stream4_Config__
 .bss.__DMA2_Stream3_Config__
                0x20000038        0x4 ./Driver/DMA/DMA.o
                0x20000038                __DMA2_Stream3_Config__
 .bss.__DMA2_Stream2_Config__
                0x2000003c        0x4 ./Driver/DMA/DMA.o
                0x2000003c                __DMA2_Stream2_Config__
 .bss.__DMA2_Stream1_Config__
                0x20000040        0x4 ./Driver/DMA/DMA.o
                0x20000040                __DMA2_Stream1_Config__
 .bss.__DMA2_Stream0_Config__
                0x20000044        0x4 ./Driver/DMA/DMA.o
                0x20000044                __DMA2_Stream0_Config__
 .bss.__DMA1_Stream7_Config__
                0x20000048        0x4 ./Driver/DMA/DMA.o
                0x20000048                __DMA1_Stream7_Config__
 .bss.__DMA1_Stream6_Config__
                0x2000004c        0x4 ./Driver/DMA/DMA.o
                0x2000004c                __DMA1_Stream6_Config__
 .bss.__DMA1_Stream5_Config__
                0x20000050        0x4 ./Driver/DMA/DMA.o
                0x20000050                __DMA1_Stream5_Config__
 .bss.__DMA1_Stream4_Config__
                0x20000054        0x4 ./Driver/DMA/DMA.o
                0x20000054                __DMA1_Stream4_Config__
 .bss.__DMA1_Stream3_Config__
                0x20000058        0x4 ./Driver/DMA/DMA.o
                0x20000058                __DMA1_Stream3_Config__
 .bss.__DMA1_Stream2_Config__
                0x2000005c        0x4 ./Driver/DMA/DMA.o
                0x2000005c                __DMA1_Stream2_Config__
 .bss.__DMA1_Stream1_Config__
                0x20000060        0x4 ./Driver/DMA/DMA.o
                0x20000060                __DMA1_Stream1_Config__
 .bss.__DMA1_Stream0_Config__
                0x20000064        0x4 ./Driver/DMA/DMA.o
                0x20000064                __DMA1_Stream0_Config__
 .bss.EXTI_ISR  0x20000068       0x40 ./Driver/GPIO/GPIO.o
                0x20000068                EXTI_ISR
 .bss.__timer_14_config__
                0x200000a8        0x4 ./Driver/Timer/Timer.o
                0x200000a8                __timer_14_config__
 .bss.__timer_13_config__
                0x200000ac        0x4 ./Driver/Timer/Timer.o
                0x200000ac                __timer_13_config__
 .bss.__timer_12_config__
                0x200000b0        0x4 ./Driver/Timer/Timer.o
                0x200000b0                __timer_12_config__
 .bss.__timer_11_config__
                0x200000b4        0x4 ./Driver/Timer/Timer.o
                0x200000b4                __timer_11_config__
 .bss.__timer_10_config__
                0x200000b8        0x4 ./Driver/Timer/Timer.o
                0x200000b8                __timer_10_config__
 .bss.__timer_9_config__
                0x200000bc        0x4 ./Driver/Timer/Timer.o
                0x200000bc                __timer_9_config__
 .bss.__timer_8_config__
                0x200000c0        0x4 ./Driver/Timer/Timer.o
                0x200000c0                __timer_8_config__
 .bss.__timer_7_config__
                0x200000c4        0x4 ./Driver/Timer/Timer.o
                0x200000c4                __timer_7_config__
 .bss.__timer_6_config__
                0x200000c8        0x4 ./Driver/Timer/Timer.o
                0x200000c8                __timer_6_config__
 .bss.__timer_5_config__
                0x200000cc        0x4 ./Driver/Timer/Timer.o
                0x200000cc                __timer_5_config__
 .bss.__timer_4_config__
                0x200000d0        0x4 ./Driver/Timer/Timer.o
                0x200000d0                __timer_4_config__
 .bss.__timer_3_config__
                0x200000d4        0x4 ./Driver/Timer/Timer.o
                0x200000d4                __timer_3_config__
 .bss.__timer_2_config__
                0x200000d8        0x4 ./Driver/Timer/Timer.o
                0x200000d8                __timer_2_config__
 .bss.__timer_1_config__
                0x200000dc        0x4 ./Driver/Timer/Timer.o
                0x200000dc                __timer_1_config__
 .bss.USART_SR  0x200000e0        0x2 ./Driver/USART/USART.o
                0x200000e0                USART_SR
 *fill*         0x200000e2        0x2 
 .bss.__usart_4_config__
                0x200000e4        0x4 ./Driver/USART/USART.o
                0x200000e4                __usart_4_config__
 .bss.__usart_1_config__
                0x200000e8        0x4 ./Driver/USART/USART.o
                0x200000e8                __usart_1_config__
 .bss.fan2_delay_off_timer_tick
                0x200000ec        0x2 ./Src/main.o
                0x200000ec                fan2_delay_off_timer_tick
 .bss.fan1_delay_off_timer_tick
                0x200000ee        0x2 ./Src/main.o
                0x200000ee                fan1_delay_off_timer_tick
 .bss.heater2_delay_on_timer_tick
                0x200000f0        0x2 ./Src/main.o
                0x200000f0                heater2_delay_on_timer_tick
 .bss.heater1_delay_on_timer_tick
                0x200000f2        0x2 ./Src/main.o
                0x200000f2                heater1_delay_on_timer_tick
 .bss.fan2_delay_on_timer_tick
                0x200000f4        0x2 ./Src/main.o
                0x200000f4                fan2_delay_on_timer_tick
 .bss.fan1_delay_on_timer_tick
                0x200000f6        0x2 ./Src/main.o
                0x200000f6                fan1_delay_on_timer_tick
 .bss.W_Flag_Count_OFF
                0x200000f8        0x2 ./Src/main.o
                0x200000f8                W_Flag_Count_OFF
 .bss.W_Flag_Count_ON
                0x200000fa        0x2 ./Src/main.o
                0x200000fa                W_Flag_Count_ON
 .bss.Heater_Flag_2
                0x200000fc        0x1 ./Src/main.o
                0x200000fc                Heater_Flag_2
 .bss.Heater_Flag_1
                0x200000fd        0x1 ./Src/main.o
                0x200000fd                Heater_Flag_1
 .bss.Speed_Tap2_Flag
                0x200000fe        0x1 ./Src/main.o
                0x200000fe                Speed_Tap2_Flag
 .bss.Speed_Tap1_Flag
                0x200000ff        0x1 ./Src/main.o
                0x200000ff                Speed_Tap1_Flag
 .bss.Delay_Flag
                0x20000100        0x1 ./Src/main.o
                0x20000100                Delay_Flag
 .bss.W_Flag    0x20000101        0x1 ./Src/main.o
                0x20000101                W_Flag
 .bss.G_Flag    0x20000102        0x1 ./Src/main.o
                0x20000102                G_Flag
 *fill*         0x20000103        0x1 
 .bss.Delay_Timer
                0x20000104       0xac ./Src/main.o
                0x20000104                Delay_Timer
 .bss.timer_tick
                0x200001b0        0x4 ./Src/main.o
                0x200001b0                timer_tick
 *(COMMON)
                0x200001b4                        . = ALIGN (0x4)
                0x200001b4                        _ebss = .
                0x200001b4                        __bss_end__ = _ebss

._user_heap_stack
                0x200001b4      0x604
                0x200001b8                        . = ALIGN (0x8)
 *fill*         0x200001b4        0x4 
                [!provide]                        PROVIDE (end = .)
                0x200001b8                        PROVIDE (_end = .)
                0x200003b8                        . = (. + _Min_Heap_Size)
 *fill*         0x200001b8      0x200 
                0x200007b8                        . = (. + _Min_Stack_Size)
 *fill*         0x200003b8      0x400 
                0x200007b8                        . = ALIGN (0x8)

/DISCARD/
 libc.a(*)
 libm.a(*)
 libgcc.a(*)

.ARM.attributes
                0x00000000       0x30
 *(.ARM.attributes)
 .ARM.attributes
                0x00000000       0x22 C:/ST/STM32CubeIDE_1.17.0/STM32CubeIDE/plugins/com.st.stm32cube.ide.mcu.externaltools.gnu-tools-for-stm32.12.3.rel1.win32_1.1.0.202410251130/tools/bin/../lib/gcc/arm-none-eabi/12.3.1/thumb/v7e-m+fp/hard/crti.o
 .ARM.attributes
                0x00000022       0x34 C:/ST/STM32CubeIDE_1.17.0/STM32CubeIDE/plugins/com.st.stm32cube.ide.mcu.externaltools.gnu-tools-for-stm32.12.3.rel1.win32_1.1.0.202410251130/tools/bin/../lib/gcc/arm-none-eabi/12.3.1/thumb/v7e-m+fp/hard/crtbegin.o
 .ARM.attributes
                0x00000056       0x34 ./Driver/DMA/DMA.o
 .ARM.attributes
                0x0000008a       0x34 ./Driver/GPIO/GPIO.o
 .ARM.attributes
                0x000000be       0x34 ./Driver/Timer/Timer.o
 .ARM.attributes
                0x000000f2       0x34 ./Driver/USART/USART.o
 .ARM.attributes
                0x00000126       0x34 ./Src/main.o
 .ARM.attributes
                0x0000015a       0x34 ./Src/system_stm32f4xx.o
 .ARM.attributes
                0x0000018e       0x21 ./Startup/startup_stm32f407vgtx.o
 .ARM.attributes
                0x000001af       0x34 C:/ST/STM32CubeIDE_1.17.0/STM32CubeIDE/plugins/com.st.stm32cube.ide.mcu.externaltools.gnu-tools-for-stm32.12.3.rel1.win32_1.1.0.202410251130/tools/bin/../lib/gcc/arm-none-eabi/12.3.1/../../../../arm-none-eabi/lib/thumb/v7e-m+fp/hard\libc_nano.a(libc_a-init.o)
 .ARM.attributes
                0x000001e3       0x22 C:/ST/STM32CubeIDE_1.17.0/STM32CubeIDE/plugins/com.st.stm32cube.ide.mcu.externaltools.gnu-tools-for-stm32.12.3.rel1.win32_1.1.0.202410251130/tools/bin/../lib/gcc/arm-none-eabi/12.3.1/thumb/v7e-m+fp/hard/crtn.o
OUTPUT(Time_Delay_Relay_V1.elf elf32-littlearm)
LOAD linker stubs
LOAD C:/ST/STM32CubeIDE_1.17.0/STM32CubeIDE/plugins/com.st.stm32cube.ide.mcu.externaltools.gnu-tools-for-stm32.12.3.rel1.win32_1.1.0.202410251130/tools/bin/../lib/gcc/arm-none-eabi/12.3.1/../../../../arm-none-eabi/lib/thumb/v7e-m+fp/hard\libc.a
LOAD C:/ST/STM32CubeIDE_1.17.0/STM32CubeIDE/plugins/com.st.stm32cube.ide.mcu.externaltools.gnu-tools-for-stm32.12.3.rel1.win32_1.1.0.202410251130/tools/bin/../lib/gcc/arm-none-eabi/12.3.1/../../../../arm-none-eabi/lib/thumb/v7e-m+fp/hard\libm.a
LOAD C:/ST/STM32CubeIDE_1.17.0/STM32CubeIDE/plugins/com.st.stm32cube.ide.mcu.externaltools.gnu-tools-for-stm32.12.3.rel1.win32_1.1.0.202410251130/tools/bin/../lib/gcc/arm-none-eabi/12.3.1/thumb/v7e-m+fp/hard\libgcc.a

.comment        0x00000000       0x43
 .comment       0x00000000       0x43 ./Driver/DMA/DMA.o
                                 0x44 (size before relaxing)
 .comment       0x00000043       0x44 ./Driver/GPIO/GPIO.o
 .comment       0x00000043       0x44 ./Driver/Timer/Timer.o
 .comment       0x00000043       0x44 ./Driver/USART/USART.o
 .comment       0x00000043       0x44 ./Src/main.o
 .comment       0x00000043       0x44 ./Src/system_stm32f4xx.o

.debug_frame    0x00000000       0x2c
 .debug_frame   0x00000000       0x2c C:/ST/STM32CubeIDE_1.17.0/STM32CubeIDE/plugins/com.st.stm32cube.ide.mcu.externaltools.gnu-tools-for-stm32.12.3.rel1.win32_1.1.0.202410251130/tools/bin/../lib/gcc/arm-none-eabi/12.3.1/../../../../arm-none-eabi/lib/thumb/v7e-m+fp/hard\libc_nano.a(libc_a-init.o)
