Archive member included to satisfy reference by file (symbol)

C:/ST/STM32CubeIDE_1.17.0/STM32CubeIDE/plugins/com.st.stm32cube.ide.mcu.externaltools.gnu-tools-for-stm32.12.3.rel1.win32_1.1.0.202410251130/tools/bin/../lib/gcc/arm-none-eabi/12.3.1/../../../../arm-none-eabi/lib/thumb/v7e-m+fp/hard\libc_nano.a(libc_a-exit.o)
                              C:/ST/STM32CubeIDE_1.17.0/STM32CubeIDE/plugins/com.st.stm32cube.ide.mcu.externaltools.gnu-tools-for-stm32.12.3.rel1.win32_1.1.0.202410251130/tools/bin/../lib/gcc/arm-none-eabi/12.3.1/../../../../arm-none-eabi/lib/thumb/v7e-m+fp/hard/crt0.o (exit)
C:/ST/STM32CubeIDE_1.17.0/STM32CubeIDE/plugins/com.st.stm32cube.ide.mcu.externaltools.gnu-tools-for-stm32.12.3.rel1.win32_1.1.0.202410251130/tools/bin/../lib/gcc/arm-none-eabi/12.3.1/../../../../arm-none-eabi/lib/thumb/v7e-m+fp/hard\libc_nano.a(libc_a-nano-vfprintf.o)
                              ./Driver/Logs/Logs.o (vfprintf)
C:/ST/STM32CubeIDE_1.17.0/STM32CubeIDE/plugins/com.st.stm32cube.ide.mcu.externaltools.gnu-tools-for-stm32.12.3.rel1.win32_1.1.0.202410251130/tools/bin/../lib/gcc/arm-none-eabi/12.3.1/../../../../arm-none-eabi/lib/thumb/v7e-m+fp/hard\libc_nano.a(libc_a-nano-vfprintf_i.o)
                              C:/ST/STM32CubeIDE_1.17.0/STM32CubeIDE/plugins/com.st.stm32cube.ide.mcu.externaltools.gnu-tools-for-stm32.12.3.rel1.win32_1.1.0.202410251130/tools/bin/../lib/gcc/arm-none-eabi/12.3.1/../../../../arm-none-eabi/lib/thumb/v7e-m+fp/hard\libc_nano.a(libc_a-nano-vfprintf.o) (_printf_i)
C:/ST/STM32CubeIDE_1.17.0/STM32CubeIDE/plugins/com.st.stm32cube.ide.mcu.externaltools.gnu-tools-for-stm32.12.3.rel1.win32_1.1.0.202410251130/tools/bin/../lib/gcc/arm-none-eabi/12.3.1/../../../../arm-none-eabi/lib/thumb/v7e-m+fp/hard\libc_nano.a(libc_a-findfp.o)
                              C:/ST/STM32CubeIDE_1.17.0/STM32CubeIDE/plugins/com.st.stm32cube.ide.mcu.externaltools.gnu-tools-for-stm32.12.3.rel1.win32_1.1.0.202410251130/tools/bin/../lib/gcc/arm-none-eabi/12.3.1/../../../../arm-none-eabi/lib/thumb/v7e-m+fp/hard\libc_nano.a(libc_a-exit.o) (__stdio_exit_handler)
C:/ST/STM32CubeIDE_1.17.0/STM32CubeIDE/plugins/com.st.stm32cube.ide.mcu.externaltools.gnu-tools-for-stm32.12.3.rel1.win32_1.1.0.202410251130/tools/bin/../lib/gcc/arm-none-eabi/12.3.1/../../../../arm-none-eabi/lib/thumb/v7e-m+fp/hard\libc_nano.a(libc_a-fvwrite.o)
                              C:/ST/STM32CubeIDE_1.17.0/STM32CubeIDE/plugins/com.st.stm32cube.ide.mcu.externaltools.gnu-tools-for-stm32.12.3.rel1.win32_1.1.0.202410251130/tools/bin/../lib/gcc/arm-none-eabi/12.3.1/../../../../arm-none-eabi/lib/thumb/v7e-m+fp/hard\libc_nano.a(libc_a-nano-vfprintf.o) (__sfvwrite_r)
C:/ST/STM32CubeIDE_1.17.0/STM32CubeIDE/plugins/com.st.stm32cube.ide.mcu.externaltools.gnu-tools-for-stm32.12.3.rel1.win32_1.1.0.202410251130/tools/bin/../lib/gcc/arm-none-eabi/12.3.1/../../../../arm-none-eabi/lib/thumb/v7e-m+fp/hard\libc_nano.a(libc_a-fwalk.o)
                              C:/ST/STM32CubeIDE_1.17.0/STM32CubeIDE/plugins/com.st.stm32cube.ide.mcu.externaltools.gnu-tools-for-stm32.12.3.rel1.win32_1.1.0.202410251130/tools/bin/../lib/gcc/arm-none-eabi/12.3.1/../../../../arm-none-eabi/lib/thumb/v7e-m+fp/hard\libc_nano.a(libc_a-findfp.o) (_fwalk_sglue)
C:/ST/STM32CubeIDE_1.17.0/STM32CubeIDE/plugins/com.st.stm32cube.ide.mcu.externaltools.gnu-tools-for-stm32.12.3.rel1.win32_1.1.0.202410251130/tools/bin/../lib/gcc/arm-none-eabi/12.3.1/../../../../arm-none-eabi/lib/thumb/v7e-m+fp/hard\libc_nano.a(libc_a-printf.o)
                              ./Driver/Logs/Logs.o (printf)
C:/ST/STM32CubeIDE_1.17.0/STM32CubeIDE/plugins/com.st.stm32cube.ide.mcu.externaltools.gnu-tools-for-stm32.12.3.rel1.win32_1.1.0.202410251130/tools/bin/../lib/gcc/arm-none-eabi/12.3.1/../../../../arm-none-eabi/lib/thumb/v7e-m+fp/hard\libc_nano.a(libc_a-putchar.o)
                              ./Driver/Logs/Logs.o (putchar)
C:/ST/STM32CubeIDE_1.17.0/STM32CubeIDE/plugins/com.st.stm32cube.ide.mcu.externaltools.gnu-tools-for-stm32.12.3.rel1.win32_1.1.0.202410251130/tools/bin/../lib/gcc/arm-none-eabi/12.3.1/../../../../arm-none-eabi/lib/thumb/v7e-m+fp/hard\libc_nano.a(libc_a-puts.o)
                              ./Driver/Logs/Logs.o (puts)
C:/ST/STM32CubeIDE_1.17.0/STM32CubeIDE/plugins/com.st.stm32cube.ide.mcu.externaltools.gnu-tools-for-stm32.12.3.rel1.win32_1.1.0.202410251130/tools/bin/../lib/gcc/arm-none-eabi/12.3.1/../../../../arm-none-eabi/lib/thumb/v7e-m+fp/hard\libc_nano.a(libc_a-stdio.o)
                              C:/ST/STM32CubeIDE_1.17.0/STM32CubeIDE/plugins/com.st.stm32cube.ide.mcu.externaltools.gnu-tools-for-stm32.12.3.rel1.win32_1.1.0.202410251130/tools/bin/../lib/gcc/arm-none-eabi/12.3.1/../../../../arm-none-eabi/lib/thumb/v7e-m+fp/hard\libc_nano.a(libc_a-findfp.o) (__sread)
[...]
Memory Configuration

Name             Origin             Length             Attributes
CCMRAM           0x10000000         0x00010000         xrw
RAM              0x20000000         0x00020000         xrw
FLASH            0x08000000         0x00100000         xr
*default*        0x00000000         0xffffffff

Linker script and memory map

LOAD C:/ST/STM32CubeIDE_1.17.0/STM32CubeIDE/plugins/com.st.stm32cube.ide.mcu.externaltools.gnu-tools-for-stm32.12.3.rel1.win32_1.1.0.202410251130/tools/bin/../lib/gcc/arm-none-eabi/12.3.1/thumb/v7e-m+fp/hard/crti.o
LOAD C:/ST/STM32CubeIDE_1.17.0/STM32CubeIDE/plugins/com.st.stm32cube.ide.mcu.externaltools.gnu-tools-for-stm32.12.3.rel1.win32_1.1.0.202410251130/tools/bin/../lib/gcc/arm-none-eabi/12.3.1/thumb/v7e-m+fp/hard/crtbegin.o
LOAD C:/ST/STM32CubeIDE_1.17.0/STM32CubeIDE/plugins/com.st.stm32cube.ide.mcu.externaltools.gnu-tools-for-stm32.12.3.rel1.win32_1.1.0.202410251130/tools/bin/../lib/gcc/arm-none-eabi/12.3.1/../../../../arm-none-eabi/lib/thumb/v7e-m+fp/hard/crt0.o
LOAD ./Driver/CAN/CAN.o
LOAD ./Driver/Console/Console.o
LOAD ./Driver/DMA/DMA.o
LOAD ./Driver/GPIO/GPIO.o
LOAD ./Driver/I2C/I2C.o
LOAD ./Driver/Independent_WatchDog/Independent_WatchDog.o
LOAD ./Driver/Logs/Logs.o
LOAD ./Driver/SPI/SPI.o
LOAD ./Driver/Timer/Timer.o
LOAD ./Driver/USART/USART.o
LOAD ./Src/main.o
LOAD ./Src/syscalls.o
LOAD ./Src/sysmem.o
LOAD ./Src/system_stm32f4xx.o
LOAD ./Startup/startup_stm32f407vgtx.o
START GROUP
LOAD C:/ST/STM32CubeIDE_1.17.0/STM32CubeIDE/plugins/com.st.stm32cube.ide.mcu.externaltools.gnu-tools-for-stm32.12.3.rel1.win32_1.1.0.202410251130/tools/bin/../lib/gcc/arm-none-eabi/12.3.1/../../../../arm-none-eabi/lib/thumb/v7e-m+fp/hard\libc_nano.a
LOAD C:/ST/STM32CubeIDE_1.17.0/STM32CubeIDE/plugins/com.st.stm32cube.ide.mcu.externaltools.gnu-tools-for-stm32.12.3.rel1.win32_1.1.0.202410251130/tools/bin/../lib/gcc/arm-none-eabi/12.3.1/../../../../arm-none-eabi/lib/thumb/v7e-m+fp/hard\libm.a
END GROUP
START GROUP
LOAD C:/ST/STM32CubeIDE_1.17.0/STM32CubeIDE/plugins/com.st.stm32cube.ide.mcu.externaltools.gnu-tools-for-stm32.12.3.rel1.win32_1.1.0.202410251130/tools/bin/../lib/gcc/arm-none-eabi/12.3.1/thumb/v7e-m+fp/hard\libgcc.a
LOAD C:/ST/STM32CubeIDE_1.17.0/STM32CubeIDE/plugins/com.st.stm32cube.ide.mcu.externaltools.gnu-tools-for-stm32.12.3.rel1.win32_1.1.0.202410251130/tools/bin/../lib/gcc/arm-none-eabi/12.3.1/../../../../arm-none-eabi/lib/thumb/v7e-m+fp/hard\libc_nano.a
END GROUP
START GROUP
LOAD C:/ST/STM32CubeIDE_1.17.0/STM32CubeIDE/plugins/com.st.stm32cube.ide.mcu.externaltools.gnu-tools-for-stm32.12.3.rel1.win32_1.1.0.202410251130/tools/bin/../lib/gcc/arm-none-eabi/12.3.1/thumb/v7e-m+fp/hard\libgcc.a
LOAD C:/ST/STM32CubeIDE_1.17.0/STM32CubeIDE/plugins/com.st.stm32cube.ide.mcu.externaltools.gnu-tools-for-stm32.12.3.rel1.win32_1.1.0.202410251130/tools/bin/../lib/gcc/arm-none-eabi/12.3.1/../../../../arm-none-eabi/lib/thumb/v7e-m+fp/hard\libc_nano.a
LOAD C:/ST/STM32CubeIDE_1.17.0/STM32CubeIDE/plugins/com.st.stm32cube.ide.mcu.externaltools.gnu-tools-for-stm32.12.3.rel1.win32_1.1.0.202410251130/tools/bin/../lib/gcc/arm-none-eabi/12.3.1/../../../../arm-none-eabi/lib/thumb/v7e-m+fp/hard\libnosys.a
END GROUP
START GROUP
LOAD C:/ST/STM32CubeIDE_1.17.0/STM32CubeIDE/plugins/com.st.stm32cube.ide.mcu.externaltools.gnu-tools-for-stm32.12.3.rel1.win32_1.1.0.202410251130/tools/bin/../lib/gcc/arm-none-eabi/12.3.1/thumb/v7e-m+fp/hard\libgcc.a
LOAD C:/ST/STM32CubeIDE_1.17.0/STM32CubeIDE/plugins/com.st.stm32cube.ide.mcu.externaltools.gnu-tools-for-stm32.12.3.rel1.win32_1.1.0.202410251130/tools/bin/../lib/gcc/arm-none-eabi/12.3.1/../../../../arm-none-eabi/lib/thumb/v7e-m+fp/hard\libc_nano.a
LOAD C:/ST/STM32CubeIDE_1.17.0/STM32CubeIDE/plugins/com.st.stm32cube.ide.mcu.externaltools.gnu-tools-for-stm32.12.3.rel1.win32_1.1.0.202410251130/tools/bin/../lib/gcc/arm-none-eabi/12.3.1/../../../../arm-none-eabi/lib/thumb/v7e-m+fp/hard\libnosys.a
END GROUP
LOAD C:/ST/STM32CubeIDE_1.17.0/STM32CubeIDE/plugins/com.st.stm32cube.ide.mcu.externaltools.gnu-tools-for-stm32.12.3.rel1.win32_1.1.0.202410251130/tools/bin/../lib/gcc/arm-none-eabi/12.3.1/thumb/v7e-m+fp/hard/crtend.o
LOAD C:/ST/STM32CubeIDE_1.17.0/STM32CubeIDE/plugins/com.st.stm32cube.ide.mcu.externaltools.gnu-tools-for-stm32.12.3.rel1.win32_1.1.0.202410251130/tools/bin/../lib/gcc/arm-none-eabi/12.3.1/thumb/v7e-m+fp/hard/crtn.o
                0x20020000                        _estack = (ORIGIN (RAM) + LENGTH (RAM))
                0x00000200                        _Min_Heap_Size = 0x200
                0x00000400                        _Min_Stack_Size = 0x400

.isr_vector     0x08000000      0x188
                0x08000000                        . = ALIGN (0x4)
 *(.isr_vector)
 .isr_vector    0x08000000      0x188 ./Startup/startup_stm32f407vgtx.o
                0x08000000                g_pfnVectors
                0x08000188                        . = ALIGN (0x4)

.text           0x08000188     0x4d28
                0x08000188                        . = ALIGN (0x4)
 *(.text)
 .text          0x08000188       0x40 C:/ST/STM32CubeIDE_1.17.0/STM32CubeIDE/plugins/com.st.stm32cube.ide.mcu.externaltools.gnu-tools-for-stm32.12.3.rel1.win32_1.1.0.202410251130/tools/bin/../lib/gcc/arm-none-eabi/12.3.1/thumb/v7e-m+fp/hard/crtbegin.o
 *(.text*)
 .text.__NVIC_EnableIRQ
                0x080001c8       0x3c ./Driver/DMA/DMA.o
 .text.DMA1_Stream0_IRQHandler
                0x08000204      0x194 ./Driver/DMA/DMA.o
                0x08000204                DMA1_Stream0_IRQHandler
 .text.DMA1_Stream1_IRQHandler
                0x08000398      0x194 ./Driver/DMA/DMA.o
                0x08000398                DMA1_Stream1_IRQHandler
 .text.DMA1_Stream2_IRQHandler
                0x0800052c      0x1a4 ./Driver/DMA/DMA.o
                0x0800052c                DMA1_Stream2_IRQHandler
 .text.DMA1_Stream3_IRQHandler
                0x080006d0      0x194 ./Driver/DMA/DMA.o
                0x080006d0                DMA1_Stream3_IRQHandler
 .text.DMA1_Stream4_IRQHandler
                0x08000864      0x150 ./Driver/DMA/DMA.o
                0x08000864                DMA1_Stream4_IRQHandler
 .text.DMA1_Stream5_IRQHandler
                0x080009b4      0x150 ./Driver/DMA/DMA.o
                0x080009b4                DMA1_Stream5_IRQHandler
 .text.DMA1_Stream6_IRQHandler
                0x08000b04      0x150 ./Driver/DMA/DMA.o
                0x08000b04                DMA1_Stream6_IRQHandler
 .text.DMA1_Stream7_IRQHandler
                0x08000c54      0x150 ./Driver/DMA/DMA.o
                0x08000c54                DMA1_Stream7_IRQHandler
 .text.DMA2_Stream0_IRQHandler
                0x08000da4      0x194 ./Driver/DMA/DMA.o
                0x08000da4                DMA2_Stream0_IRQHandler
 .text.DMA2_Stream1_IRQHandler
                0x08000f38      0x150 ./Driver/DMA/DMA.o
                0x08000f38                DMA2_Stream1_IRQHandler
 .text.DMA2_Stream2_IRQHandler
                0x08001088      0x150 ./Driver/DMA/DMA.o
                0x08001088                DMA2_Stream2_IRQHandler
 .text.DMA2_Stream3_IRQHandler
                0x080011d8      0x194 ./Driver/DMA/DMA.o
                0x080011d8                DMA2_Stream3_IRQHandler
 .text.DMA2_Stream4_IRQHandler
                0x0800136c      0x150 ./Driver/DMA/DMA.o
                0x0800136c                DMA2_Stream4_IRQHandler
 .text.DMA2_Stream5_IRQHandler
                0x080014bc      0x150 ./Driver/DMA/DMA.o
                0x080014bc                DMA2_Stream5_IRQHandler
 .text.DMA2_Stream6_IRQHandler
                0x0800160c      0x150 ./Driver/DMA/DMA.o
                0x0800160c                DMA2_Stream6_IRQHandler
 .text.DMA2_Stream7_IRQHandler
                0x0800175c      0x150 ./Driver/DMA/DMA.o
                0x0800175c                DMA2_Stream7_IRQHandler
 .text.DMA_Clock_Enable
                0x080018ac       0x4c ./Driver/DMA/DMA.o
                0x080018ac                DMA_Clock_Enable
 .text.DMA_Init
                0x080018f8      0x3e4 ./Driver/DMA/DMA.o
                0x080018f8                DMA_Init
 .text.EXTI0_IRQHandler
                0x08001cdc       0x2c ./Driver/GPIO/GPIO.o
                0x08001cdc                EXTI0_IRQHandler
 .text.EXTI1_IRQHandler
                0x08001d08       0x2c ./Driver/GPIO/GPIO.o
                0x08001d08                EXTI1_IRQHandler
 .text.EXTI2_IRQHandler
                0x08001d34       0x2c ./Driver/GPIO/GPIO.o
                0x08001d34                EXTI2_IRQHandler
 .text.EXTI3_IRQHandler
                0x08001d60       0x2c ./Driver/GPIO/GPIO.o
                0x08001d60                EXTI3_IRQHandler
 .text.EXTI4_IRQHandler
                0x08001d8c       0x2c ./Driver/GPIO/GPIO.o
                0x08001d8c                EXTI4_IRQHandler
 .text.EXTI9_5_IRQHandler
                0x08001db8       0x68 ./Driver/GPIO/GPIO.o
                0x08001db8                EXTI9_5_IRQHandler
 .text.EXTI15_10_IRQHandler
                0x08001e20       0x68 ./Driver/GPIO/GPIO.o
                0x08001e20                EXTI15_10_IRQHandler
 .text.GPIO_Clock_Enable
                0x08001e88       0xec ./Driver/GPIO/GPIO.o
                0x08001e88                GPIO_Clock_Enable
 .text.GPIO_Pin_Init
                0x08001f74      0x14e ./Driver/GPIO/GPIO.o
                0x08001f74                GPIO_Pin_Init
 *fill*         0x080020c2        0x2 
 .text.__NVIC_EnableIRQ
                0x080020c4       0x3c ./Driver/Timer/Timer.o
 .text.TIM1_BRK_TIM9_IRQHandler
                0x08002100       0xc4 ./Driver/Timer/Timer.o
                0x08002100                TIM1_BRK_TIM9_IRQHandler
 .text.TIM1_UP_TIM10_IRQHandler
                0x080021c4       0x80 ./Driver/Timer/Timer.o
                0x080021c4                TIM1_UP_TIM10_IRQHandler
 .text.TIM1_TRG_COM_TIM11_IRQHandler
                0x08002244       0xa0 ./Driver/Timer/Timer.o
                0x08002244                TIM1_TRG_COM_TIM11_IRQHandler
 .text.TIM1_CC_IRQHandler
                0x080022e4       0x98 ./Driver/Timer/Timer.o
                0x080022e4                TIM1_CC_IRQHandler
 .text.TIM2_IRQHandler
                0x0800237c       0xf0 ./Driver/Timer/Timer.o
                0x0800237c                TIM2_IRQHandler
 .text.TIM3_IRQHandler
                0x0800246c       0xdc ./Driver/Timer/Timer.o
                0x0800246c                TIM3_IRQHandler
 .text.TIM4_IRQHandler
                0x08002548       0xdc ./Driver/Timer/Timer.o
                0x08002548                TIM4_IRQHandler
 .text.TIM5_IRQHandler
                0x08002624       0xdc ./Driver/Timer/Timer.o
                0x08002624                TIM5_IRQHandler
 .text.TIM6_DAC_IRQHandler
                0x08002700       0x34 ./Driver/Timer/Timer.o
                0x08002700                TIM6_DAC_IRQHandler
 .text.TIM7_IRQHandler
                0x08002734       0x34 ./Driver/Timer/Timer.o
                0x08002734                TIM7_IRQHandler
 .text.TIM8_BRK_TIM12_IRQHandler
                0x08002768       0xc4 ./Driver/Timer/Timer.o
                0x08002768                TIM8_BRK_TIM12_IRQHandler
 .text.TIM8_UP_TIM13_IRQHandler
                0x0800282c       0x80 ./Driver/Timer/Timer.o
                0x0800282c                TIM8_UP_TIM13_IRQHandler
 .text.TIM8_TRG_COM_TIM14_IRQHandler
                0x080028ac       0xa0 ./Driver/Timer/Timer.o
                0x080028ac                TIM8_TRG_COM_TIM14_IRQHandler
 .text.TIM8_CC_IRQHandler
                0x0800294c       0x98 ./Driver/Timer/Timer.o
                0x0800294c                TIM8_CC_IRQHandler
 .text.Timer_1_Pin_Init
                0x080029e4      0x20c ./Driver/Timer/Timer.o
 .text.Timer_2_Pin_Init
                0x08002bf0      0x214 ./Driver/Timer/Timer.o
 .text.Timer_3_Pin_Init
                0x08002e04      0x230 ./Driver/Timer/Timer.o
 .text.Timer_4_Pin_Init
                0x08003034      0x1e4 ./Driver/Timer/Timer.o
 .text.Timer_5_Pin_Init
                0x08003218      0x13c ./Driver/Timer/Timer.o
 .text.Timer_8_Pin_Init
                0x08003354      0x160 ./Driver/Timer/Timer.o
 .text.Timer_9_Pin_Init
                0x080034b4       0xfc ./Driver/Timer/Timer.o
 .text.Timer_10_Pin_Init
                0x080035b0       0x74 ./Driver/Timer/Timer.o
 .text.Timer_11_Pin_Init
                0x08003624       0x74 ./Driver/Timer/Timer.o
 .text.Timer_12_Pin_Init
                0x08003698       0xa8 ./Driver/Timer/Timer.o
 .text.Timer_13_Pin_Init
                0x08003740       0x74 ./Driver/Timer/Timer.o
 .text.Timer_14_Pin_Init
                0x080037b4       0x80 ./Driver/Timer/Timer.o
 .text.Input_Capture_Mode_Setup
                0x08003834      0x344 ./Driver/Timer/Timer.o
 .text.PWM_Input_Mode_Setup
                0x08003b78      0x162 ./Driver/Timer/Timer.o
 .text.Encoder_Mode_Setup
                0x08003cda       0xa6 ./Driver/Timer/Timer.o
 .text.XOR_Mode_Setup
                0x08003d80       0x64 ./Driver/Timer/Timer.o
 .text.PWM_Mode_Setup
                0x08003de4      0x29a ./Driver/Timer/Timer.o
 .text.Timer_Update
                0x0800407e       0x48 ./Driver/Timer/Timer.o
 *fill*         0x080040c6        0x2 
 .text.Timer_Init
                0x080040c8      0x208 ./Driver/Timer/Timer.o
                0x080040c8                Timer_Init
 .text.UART4_IRQHandler
                0x080042d0      0x170 ./Driver/USART/USART.o
                0x080042d0                UART4_IRQHandler
 .text.USART1_IRQHandler
                0x08004440      0x170 ./Driver/USART/USART.o
                0x08004440                USART1_IRQHandler
 .text.__NVIC_SetPriority
                0x080045b0       0x54 ./Src/main.o
 .text.SysTick_Config
                0x08004604       0x44 ./Src/main.o
 .text.MCU_Clock_Setup
                0x08004648      0x124 ./Src/main.o
 .text.GPIO_Pin_Low
                0x0800476c       0x2a ./Src/main.o
 .text.GPIO_Pin_High
                0x08004796       0x28 ./Src/main.o
 .text.Timer_Trigger
                0x080047be       0x24 ./Src/main.o
 *fill*         0x080047e2        0x2 
 .text.H1_L1    0x080047e4       0x40 ./Src/main.o
                0x080047e4                H1_L1
 .text.H1_L2    0x08004824       0x40 ./Src/main.o
                0x08004824                H1_L2
 .text.H2_L1    0x08004864       0x40 ./Src/main.o
                0x08004864                H2_L1
 .text.H2_L2    0x080048a4       0x40 ./Src/main.o
                0x080048a4                H2_L2
 .text.Speed_Tap_1
                0x080048e4       0x40 ./Src/main.o
                0x080048e4                Speed_Tap_1
 .text.Speed_Tap_2
                0x08004924       0x40 ./Src/main.o
                0x08004924                Speed_Tap_2
 .text.Delay_Timer_ISR
                0x08004964      0x1e0 ./Src/main.o
                0x08004964                Delay_Timer_ISR
 .text.main     0x08004b44       0xd8 ./Src/main.o
                0x08004b44                main
 .text.Output_func
                0x08004c1c       0xbc ./Src/main.o
                0x08004c1c                Output_func
 .text.SystemInit
                0x08004cd8       0x24 ./Src/system_stm32f4xx.o
                0x08004cd8                SystemInit
 .text.SystemCoreClockUpdate
                0x08004cfc      0x100 ./Src/system_stm32f4xx.o
                0x08004cfc                SystemCoreClockUpdate
 .text.Reset_Handler
                0x08004dfc       0x50 ./Startup/startup_stm32f407vgtx.o
                0x08004dfc                Reset_Handler
 .text.Default_Handler
                0x08004e4c        0x2 ./Startup/startup_stm32f407vgtx.o
                0x08004e4c                RTC_Alarm_IRQHandler
                0x08004e4c                HASH_RNG_IRQHandler
                0x08004e4c                DebugMon_Handler
                0x08004e4c                HardFault_Handler
                0x08004e4c                SysTick_Handler
                0x08004e4c                PVD_IRQHandler
                0x08004e4c                SDIO_IRQHandler
                0x08004e4c                TAMP_STAMP_IRQHandler
                0x08004e4c                PendSV_Handler
                0x08004e4c                NMI_Handler
                0x08004e4c                CAN2_RX1_IRQHandler
                0x08004e4c                I2C3_ER_IRQHandler
                0x08004e4c                I2C2_EV_IRQHandler
                0x08004e4c                CAN1_RX0_IRQHandler
                0x08004e4c                FPU_IRQHandler
                0x08004e4c                OTG_HS_WKUP_IRQHandler
                0x08004e4c                UsageFault_Handler
                0x08004e4c                CAN2_SCE_IRQHandler
                0x08004e4c                SPI1_IRQHandler
                0x08004e4c                DCMI_IRQHandler
                0x08004e4c                CAN2_RX0_IRQHandler
                0x08004e4c                USART6_IRQHandler
                0x08004e4c                USART3_IRQHandler
                0x08004e4c                CRYP_IRQHandler
                0x08004e4c                CAN1_RX1_IRQHandler
                0x08004e4c                UART5_IRQHandler
                0x08004e4c                I2C1_EV_IRQHandler
                0x08004e4c                RCC_IRQHandler
                0x08004e4c                Default_Handler
                0x08004e4c                ADC_IRQHandler
                0x08004e4c                CAN2_TX_IRQHandler
                0x08004e4c                I2C3_EV_IRQHandler
                0x08004e4c                RTC_WKUP_IRQHandler
                0x08004e4c                ETH_WKUP_IRQHandler
                0x08004e4c                SPI2_IRQHandler
                0x08004e4c                OTG_HS_EP1_IN_IRQHandler
                0x08004e4c                MemManage_Handler
                0x08004e4c                CAN1_TX_IRQHandler
                0x08004e4c                SVC_Handler
                0x08004e4c                FSMC_IRQHandler
                0x08004e4c                ETH_IRQHandler
                0x08004e4c                OTG_HS_EP1_OUT_IRQHandler
                0x08004e4c                WWDG_IRQHandler
                0x08004e4c                OTG_FS_WKUP_IRQHandler
                0x08004e4c                OTG_HS_IRQHandler
                0x08004e4c                USART2_IRQHandler
                0x08004e4c                I2C2_ER_IRQHandler
                0x08004e4c                CAN1_SCE_IRQHandler
                0x08004e4c                BusFault_Handler
                0x08004e4c                OTG_FS_IRQHandler
                0x08004e4c                SPI3_IRQHandler
                0x08004e4c                I2C1_ER_IRQHandler
 *fill*         0x08004e4e        0x2 
 .text.__libc_init_array
                0x08004e50       0x48 C:/ST/STM32CubeIDE_1.17.0/STM32CubeIDE/plugins/com.st.stm32cube.ide.mcu.externaltools.gnu-tools-for-stm32.12.3.rel1.win32_1.1.0.202410251130/tools/bin/../lib/gcc/arm-none-eabi/12.3.1/../../../../arm-none-eabi/lib/thumb/v7e-m+fp/hard\libc_nano.a(libc_a-init.o)
                0x08004e50                __libc_init_array
 *(.glue_7)
 .glue_7        0x08004e98        0x0 linker stubs
 *(.glue_7t)
 .glue_7t       0x08004e98        0x0 linker stubs
 *(.eh_frame)
 .eh_frame      0x08004e98        0x0 C:/ST/STM32CubeIDE_1.17.0/STM32CubeIDE/plugins/com.st.stm32cube.ide.mcu.externaltools.gnu-tools-for-stm32.12.3.rel1.win32_1.1.0.202410251130/tools/bin/../lib/gcc/arm-none-eabi/12.3.1/thumb/v7e-m+fp/hard/crtbegin.o
 *(.init)
 .init          0x08004e98        0x4 C:/ST/STM32CubeIDE_1.17.0/STM32CubeIDE/plugins/com.st.stm32cube.ide.mcu.externaltools.gnu-tools-for-stm32.12.3.rel1.win32_1.1.0.202410251130/tools/bin/../lib/gcc/arm-none-eabi/12.3.1/thumb/v7e-m+fp/hard/crti.o
                0x08004e98                _init
 .init          0x08004e9c        0x8 C:/ST/STM32CubeIDE_1.17.0/STM32CubeIDE/plugins/com.st.stm32cube.ide.mcu.externaltools.gnu-tools-for-stm32.12.3.rel1.win32_1.1.0.202410251130/tools/bin/../lib/gcc/arm-none-eabi/12.3.1/thumb/v7e-m+fp/hard/crtn.o
 *(.fini)
 .fini          0x08004ea4        0x4 C:/ST/STM32CubeIDE_1.17.0/STM32CubeIDE/plugins/com.st.stm32cube.ide.mcu.externaltools.gnu-tools-for-stm32.12.3.rel1.win32_1.1.0.202410251130/tools/bin/../lib/gcc/arm-none-eabi/12.3.1/thumb/v7e-m+fp/hard/crti.o
                0x08004ea4                _fini
 .fini          0x08004ea8        0x8 C:/ST/STM32CubeIDE_1.17.0/STM32CubeIDE/plugins/com.st.stm32cube.ide.mcu.externaltools.gnu-tools-for-stm32.12.3.rel1.win32_1.1.0.202410251130/tools/bin/../lib/gcc/arm-none-eabi/12.3.1/thumb/v7e-m+fp/hard/crtn.o
                0x08004eb0                        . = ALIGN (0x4)
                0x08004eb0                        _etext = .

.vfp11_veneer   0x08004eb0        0x0
 .vfp11_veneer  0x08004eb0        0x0 linker stubs

.v4_bx          0x08004eb0        0x0
 .v4_bx         0x08004eb0        0x0 linker stubs

.iplt           0x08004eb0        0x0
 .iplt          0x08004eb0        0x0 C:/ST/STM32CubeIDE_1.17.0/STM32CubeIDE/plugins/com.st.stm32cube.ide.mcu.externaltools.gnu-tools-for-stm32.12.3.rel1.win32_1.1.0.202410251130/tools/bin/../lib/gcc/arm-none-eabi/12.3.1/thumb/v7e-m+fp/hard/crtbegin.o

.rodata         0x08004eb0       0x10
                0x08004eb0                        . = ALIGN (0x4)
 *(.rodata)
 *(.rodata*)
 .rodata.AHBPrescTable
                0x08004eb0       0x10 ./Src/system_stm32f4xx.o
                0x08004eb0                AHBPrescTable
                0x08004ec0                        . = ALIGN (0x4)

.ARM.extab      0x08004ec0        0x0
                0x08004ec0                        . = ALIGN (0x4)
 *(.ARM.extab* .gnu.linkonce.armextab.*)
                0x08004ec0                        . = ALIGN (0x4)

.ARM            0x08004ec0        0x0
                0x08004ec0                        . = ALIGN (0x4)
                0x08004ec0                        __exidx_start = .
 *(.ARM.exidx*)
                0x08004ec0                        __exidx_end = .
                0x08004ec0                        . = ALIGN (0x4)

.preinit_array  0x08004ec0        0x0
                0x08004ec0                        . = ALIGN (0x4)
                0x08004ec0                        PROVIDE (__preinit_array_start = .)
 *(.preinit_array*)
                0x08004ec0                        PROVIDE (__preinit_array_end = .)
                0x08004ec0                        . = ALIGN (0x4)

.init_array     0x08004ec0        0x4
                0x08004ec0                        . = ALIGN (0x4)
                0x08004ec0                        PROVIDE (__init_array_start = .)
 *(SORT_BY_NAME(.init_array.*))
 *(.init_array*)
 .init_array    0x08004ec0        0x4 C:/ST/STM32CubeIDE_1.17.0/STM32CubeIDE/plugins/com.st.stm32cube.ide.mcu.externaltools.gnu-tools-for-stm32.12.3.rel1.win32_1.1.0.202410251130/tools/bin/../lib/gcc/arm-none-eabi/12.3.1/thumb/v7e-m+fp/hard/crtbegin.o
                0x08004ec4                        PROVIDE (__init_array_end = .)
                0x08004ec4                        . = ALIGN (0x4)

.fini_array     0x08004ec4        0x4
                0x08004ec4                        . = ALIGN (0x4)
                [!provide]                        PROVIDE (__fini_array_start = .)
 *(SORT_BY_NAME(.fini_array.*))
 *(.fini_array*)
 .fini_array    0x08004ec4        0x4 C:/ST/STM32CubeIDE_1.17.0/STM32CubeIDE/plugins/com.st.stm32cube.ide.mcu.externaltools.gnu-tools-for-stm32.12.3.rel1.win32_1.1.0.202410251130/tools/bin/../lib/gcc/arm-none-eabi/12.3.1/thumb/v7e-m+fp/hard/crtbegin.o
                [!provide]                        PROVIDE (__fini_array_end = .)
                0x08004ec8                        . = ALIGN (0x4)
                0x08004ec8                        _sidata = LOADADDR (.data)

.rel.dyn        0x08004ec8        0x0
 .rel.iplt      0x08004ec8        0x0 C:/ST/STM32CubeIDE_1.17.0/STM32CubeIDE/plugins/com.st.stm32cube.ide.mcu.externaltools.gnu-tools-for-stm32.12.3.rel1.win32_1.1.0.202410251130/tools/bin/../lib/gcc/arm-none-eabi/12.3.1/thumb/v7e-m+fp/hard/crtbegin.o

.data           0x20000000        0x4 load address 0x08004ec8
                0x20000000                        . = ALIGN (0x4)
                0x20000000                        _sdata = .
 *(.data)
 *(.data*)
 .data.SystemCoreClock
                0x20000000        0x4 ./Src/system_stm32f4xx.o
                0x20000000                SystemCoreClock
 *(.RamFunc)
 *(.RamFunc*)
                0x20000004                        . = ALIGN (0x4)
                0x20000004                        _edata = .
                0x08004ecc                        _siccmram = LOADADDR (.ccmram)

.igot.plt       0x20000004        0x0 load address 0x08004ecc
 .igot.plt      0x20000004        0x0 C:/ST/STM32CubeIDE_1.17.0/STM32CubeIDE/plugins/com.st.stm32cube.ide.mcu.externaltools.gnu-tools-for-stm32.12.3.rel1.win32_1.1.0.202410251130/tools/bin/../lib/gcc/arm-none-eabi/12.3.1/thumb/v7e-m+fp/hard/crtbegin.o

.ccmram         0x10000000        0x0 load address 0x08004ecc
                0x10000000                        . = ALIGN (0x4)
                0x10000000                        _sccmram = .
 *(.ccmram)
 *(.ccmram*)
                0x10000000                        . = ALIGN (0x4)
                0x10000000                        _eccmram = .
                0x10000000                        . = ALIGN (0x4)

.bss            0x20000004      0x1b0
                0x20000004                        _sbss = .
                0x20000004                        __bss_start__ = _sbss
 *(.bss)
 .bss           0x20000004       0x1c C:/ST/STM32CubeIDE_1.17.0/STM32CubeIDE/plugins/com.st.stm32cube.ide.mcu.externaltools.gnu-tools-for-stm32.12.3.rel1.win32_1.1.0.202410251130/tools/bin/../lib/gcc/arm-none-eabi/12.3.1/thumb/v7e-m+fp/hard/crtbegin.o
 *(.bss*)
 .bss.__DMA1_Stream0_Config__
                0x20000020        0x4 ./Driver/DMA/DMA.o
                0x20000020                __DMA1_Stream0_Config__
 .bss.__DMA1_Stream1_Config__
                0x20000024        0x4 ./Driver/DMA/DMA.o
                0x20000024                __DMA1_Stream1_Config__
 .bss.__DMA1_Stream2_Config__
                0x20000028        0x4 ./Driver/DMA/DMA.o
                0x20000028                __DMA1_Stream2_Config__
 .bss.__DMA1_Stream3_Config__
                0x2000002c        0x4 ./Driver/DMA/DMA.o
                0x2000002c                __DMA1_Stream3_Config__
 .bss.__DMA1_Stream4_Config__
                0x20000030        0x4 ./Driver/DMA/DMA.o
                0x20000030                __DMA1_Stream4_Config__
 .bss.__DMA1_Stream5_Config__
                0x20000034        0x4 ./Driver/DMA/DMA.o
                0x20000034                __DMA1_Stream5_Config__
 .bss.__DMA1_Stream6_Config__
                0x20000038        0x4 ./Driver/DMA/DMA.o
                0x20000038                __DMA1_Stream6_Config__
 .bss.__DMA1_Stream7_Config__
                0x2000003c        0x4 ./Driver/DMA/DMA.o
                0x2000003c                __DMA1_Stream7_Config__
 .bss.__DMA2_Stream0_Config__
                0x20000040        0x4 ./Driver/DMA/DMA.o
                0x20000040                __DMA2_Stream0_Config__
 .bss.__DMA2_Stream1_Config__
                0x20000044        0x4 ./Driver/DMA/DMA.o
                0x20000044                __DMA2_Stream1_Config__
 .bss.__DMA2_Stream2_Config__
                0x20000048        0x4 ./Driver/DMA/DMA.o
                0x20000048                __DMA2_Stream2_Config__
 .bss.__DMA2_Stream3_Config__
                0x2000004c        0x4 ./Driver/DMA/DMA.o
                0x2000004c                __DMA2_Stream3_Config__
 .bss.__DMA2_Stream4_Config__
                0x20000050        0x4 ./Driver/DMA/DMA.o
                0x20000050                __DMA2_Stream4_Config__
 .bss.__DMA2_Stream5_Config__
                0x20000054        0x4 ./Driver/DMA/DMA.o
                0x20000054                __DMA2_Stream5_Config__
 .bss.__DMA2_Stream6_Config__
                0x20000058        0x4 ./Driver/DMA/DMA.o
                0x20000058                __DMA2_Stream6_Config__
 .bss.__DMA2_Stream7_Config__
                0x2000005c        0x4 ./Driver/DMA/DMA.o
                0x2000005c                __DMA2_Stream7_Config__
 .bss.DMA_LISR  0x20000060        0x4 ./Driver/DMA/DMA.o
                0x20000060                DMA_LISR
 .bss.DMA_HISR  0x20000064        0x4 ./Driver/DMA/DMA.o
                0x20000064                DMA_HISR
 .bss.EXTI_ISR  0x20000068       0x40 ./Driver/GPIO/GPIO.o
                0x20000068                EXTI_ISR
 .bss.__timer_1_config__
                0x200000a8        0x4 ./Driver/Timer/Timer.o
                0x200000a8                __timer_1_config__
 .bss.__timer_2_config__
                0x200000ac        0x4 ./Driver/Timer/Timer.o
                0x200000ac                __timer_2_config__
 .bss.__timer_3_config__
                0x200000b0        0x4 ./Driver/Timer/Timer.o
                0x200000b0                __timer_3_config__
 .bss.__timer_4_config__
                0x200000b4        0x4 ./Driver/Timer/Timer.o
                0x200000b4                __timer_4_config__
 .bss.__timer_5_config__
                0x200000b8        0x4 ./Driver/Timer/Timer.o
                0x200000b8                __timer_5_config__
 .bss.__timer_6_config__
                0x200000bc        0x4 ./Driver/Timer/Timer.o
                0x200000bc                __timer_6_config__
 .bss.__timer_7_config__
                0x200000c0        0x4 ./Driver/Timer/Timer.o
                0x200000c0                __timer_7_config__
 .bss.__timer_8_config__
                0x200000c4        0x4 ./Driver/Timer/Timer.o
                0x200000c4                __timer_8_config__
 .bss.__timer_9_config__
                0x200000c8        0x4 ./Driver/Timer/Timer.o
                0x200000c8                __timer_9_config__
 .bss.__timer_10_config__
                0x200000cc        0x4 ./Driver/Timer/Timer.o
                0x200000cc                __timer_10_config__
 .bss.__timer_11_config__
                0x200000d0        0x4 ./Driver/Timer/Timer.o
                0x200000d0                __timer_11_config__
 .bss.__timer_12_config__
                0x200000d4        0x4 ./Driver/Timer/Timer.o
                0x200000d4                __timer_12_config__
 .bss.__timer_13_config__
                0x200000d8        0x4 ./Driver/Timer/Timer.o
                0x200000d8                __timer_13_config__
 .bss.__timer_14_config__
                0x200000dc        0x4 ./Driver/Timer/Timer.o
                0x200000dc                __timer_14_config__
 .bss.__usart_1_config__
                0x200000e0        0x4 ./Driver/USART/USART.o
                0x200000e0                __usart_1_config__
 .bss.__usart_4_config__
                0x200000e4        0x4 ./Driver/USART/USART.o
                0x200000e4                __usart_4_config__
 .bss.USART_SR  0x200000e8        0x2 ./Driver/USART/USART.o
                0x200000e8                USART_SR
 *fill*         0x200000ea        0x2 
 .bss.timer_tick
                0x200000ec        0x4 ./Src/main.o
                0x200000ec                timer_tick
 .bss.Delay_Timer
                0x200000f0       0xac ./Src/main.o
                0x200000f0                Delay_Timer
 .bss.G_Flag    0x2000019c        0x1 ./Src/main.o
                0x2000019c                G_Flag
 .bss.W_Flag    0x2000019d        0x1 ./Src/main.o
                0x2000019d                W_Flag
 .bss.Delay_Flag
                0x2000019e        0x1 ./Src/main.o
                0x2000019e                Delay_Flag
 .bss.Speed_Tap1_Flag
                0x2000019f        0x1 ./Src/main.o
                0x2000019f                Speed_Tap1_Flag
 .bss.Speed_Tap2_Flag
                0x200001a0        0x1 ./Src/main.o
                0x200001a0                Speed_Tap2_Flag
 .bss.Heater_Flag_1
                0x200001a1        0x1 ./Src/main.o
                0x200001a1                Heater_Flag_1
 .bss.Heater_Flag_2
                0x200001a2        0x1 ./Src/main.o
                0x200001a2                Heater_Flag_2
 *fill*         0x200001a3        0x1 
 .bss.W_Flag_Count_ON
                0x200001a4        0x2 ./Src/main.o
                0x200001a4                W_Flag_Count_ON
 .bss.W_Flag_Count_OFF
                0x200001a6        0x2 ./Src/main.o
                0x200001a6                W_Flag_Count_OFF
 .bss.fan1_delay_on_timer_tick
                0x200001a8        0x2 ./Src/main.o
                0x200001a8                fan1_delay_on_timer_tick
 .bss.fan2_delay_on_timer_tick
                0x200001aa        0x2 ./Src/main.o
                0x200001aa                fan2_delay_on_timer_tick
 .bss.heater1_delay_on_timer_tick
                0x200001ac        0x2 ./Src/main.o
                0x200001ac                heater1_delay_on_timer_tick
 .bss.heater2_delay_on_timer_tick
                0x200001ae        0x2 ./Src/main.o
                0x200001ae                heater2_delay_on_timer_tick
 .bss.fan1_delay_off_timer_tick
                0x200001b0        0x2 ./Src/main.o
                0x200001b0                fan1_delay_off_timer_tick
 .bss.fan2_delay_off_timer_tick
                0x200001b2        0x2 ./Src/main.o
                0x200001b2                fan2_delay_off_timer_tick
 *(COMMON)
                0x200001b4                        . = ALIGN (0x4)
                0x200001b4                        _ebss = .
                0x200001b4                        __bss_end__ = _ebss

._user_heap_stack
                0x200001b4      0x604
                0x200001b8                        . = ALIGN (0x8)
 *fill*         0x200001b4        0x4 
                [!provide]                        PROVIDE (end = .)
                0x200001b8                        PROVIDE (_end = .)
                0x200003b8                        . = (. + _Min_Heap_Size)
 *fill*         0x200001b8      0x200 
                0x200007b8                        . = (. + _Min_Stack_Size)
 *fill*         0x200003b8      0x400 
                0x200007b8                        . = ALIGN (0x8)

/DISCARD/
 libc.a(*)
 libm.a(*)
 libgcc.a(*)

.ARM.attributes
                0x00000000       0x30
 *(.ARM.attributes)
 .ARM.attributes
                0x00000000       0x22 C:/ST/STM32CubeIDE_1.17.0/STM32CubeIDE/plugins/com.st.stm32cube.ide.mcu.externaltools.gnu-tools-for-stm32.12.3.rel1.win32_1.1.0.202410251130/tools/bin/../lib/gcc/arm-none-eabi/12.3.1/thumb/v7e-m+fp/hard/crti.o
 .ARM.attributes
                0x00000022       0x34 C:/ST/STM32CubeIDE_1.17.0/STM32CubeIDE/plugins/com.st.stm32cube.ide.mcu.externaltools.gnu-tools-for-stm32.12.3.rel1.win32_1.1.0.202410251130/tools/bin/../lib/gcc/arm-none-eabi/12.3.1/thumb/v7e-m+fp/hard/crtbegin.o
 .ARM.attributes
                0x00000056       0x34 ./Driver/DMA/DMA.o
 .ARM.attributes
                0x0000008a       0x34 ./Driver/GPIO/GPIO.o
 .ARM.attributes
                0x000000be       0x34 ./Driver/Timer/Timer.o
 .ARM.attributes
                0x000000f2       0x34 ./Driver/USART/USART.o
 .ARM.attributes
                0x00000126       0x34 ./Src/main.o
 .ARM.attributes
                0x0000015a       0x34 ./Src/system_stm32f4xx.o
 .ARM.attributes
                0x0000018e       0x21 ./Startup/startup_stm32f407vgtx.o
 .ARM.attributes
                0x000001af       0x34 C:/ST/STM32CubeIDE_1.17.0/STM32CubeIDE/plugins/com.st.stm32cube.ide.mcu.externaltools.gnu-tools-for-stm32.12.3.rel1.win32_1.1.0.202410251130/tools/bin/../lib/gcc/arm-none-eabi/12.3.1/../../../../arm-none-eabi/lib/thumb/v7e-m+fp/hard\libc_nano.a(libc_a-init.o)
 .ARM.attributes
                0x000001e3       0x22 C:/ST/STM32CubeIDE_1.17.0/STM32CubeIDE/plugins/com.st.stm32cube.ide.mcu.externaltools.gnu-tools-for-stm32.12.3.rel1.win32_1.1.0.202410251130/tools/bin/../lib/gcc/arm-none-eabi/12.3.1/thumb/v7e-m+fp/hard/crtn.o
OUTPUT(Time_Delay_Relay_V1.elf elf32-littlearm)
LOAD linker stubs
LOAD C:/ST/STM32CubeIDE_1.17.0/STM32CubeIDE/plugins/com.st.stm32cube.ide.mcu.externaltools.gnu-tools-for-stm32.12.3.rel1.win32_1.1.0.202410251130/tools/bin/../lib/gcc/arm-none-eabi/12.3.1/../../../../arm-none-eabi/lib/thumb/v7e-m+fp/hard\libc.a
LOAD C:/ST/STM32CubeIDE_1.17.0/STM32CubeIDE/plugins/com.st.stm32cube.ide.mcu.externaltools.gnu-tools-for-stm32.12.3.rel1.win32_1.1.0.202410251130/tools/bin/../lib/gcc/arm-none-eabi/12.3.1/../../../../arm-none-eabi/lib/thumb/v7e-m+fp/hard\libm.a
LOAD C:/ST/STM32CubeIDE_1.17.0/STM32CubeIDE/plugins/com.st.stm32cube.ide.mcu.externaltools.gnu-tools-for-stm32.12.3.rel1.win32_1.1.0.202410251130/tools/bin/../lib/gcc/arm-none-eabi/12.3.1/thumb/v7e-m+fp/hard\libgcc.a

.debug_info     0x00000000     0xa535
 .debug_info    0x00000000     0x1411 ./Driver/DMA/DMA.o
 .debug_info    0x00001411      0xfca ./Driver/GPIO/GPIO.o
 .debug_info    0x000023db     0x25e9 ./Driver/Timer/Timer.o
 .debug_info    0x000049c4     0x2717 ./Driver/USART/USART.o
 .debug_info    0x000070db     0x2f1f ./Src/main.o
 .debug_info    0x00009ffa      0x50b ./Src/system_stm32f4xx.o
 .debug_info    0x0000a505       0x30 ./Startup/startup_stm32f407vgtx.o

.debug_abbrev   0x00000000     0x1011
 .debug_abbrev  0x00000000      0x237 ./Driver/DMA/DMA.o
 .debug_abbrev  0x00000237      0x275 ./Driver/GPIO/GPIO.o
 .debug_abbrev  0x000004ac      0x30f ./Driver/Timer/Timer.o
 .debug_abbrev  0x000007bb      0x38d ./Driver/USART/USART.o
 .debug_abbrev  0x00000b48      0x38b ./Src/main.o
 .debug_abbrev  0x00000ed3      0x11a ./Src/system_stm32f4xx.o
 .debug_abbrev  0x00000fed       0x24 ./Startup/startup_stm32f407vgtx.o

.debug_aranges  0x00000000      0x468
 .debug_aranges
                0x00000000       0xe0 ./Driver/DMA/DMA.o
 .debug_aranges
                0x000000e0       0x80 ./Driver/GPIO/GPIO.o
 .debug_aranges
                0x00000160      0x168 ./Driver/Timer/Timer.o
 .debug_aranges
                0x000002c8       0xa0 ./Driver/USART/USART.o
 .debug_aranges
                0x00000368       0xb0 ./Src/main.o
 .debug_aranges
                0x00000418       0x28 ./Src/system_stm32f4xx.o
 .debug_aranges
                0x00000440       0x28 ./Startup/startup_stm32f407vgtx.o

.debug_rnglists
                0x00000000      0x36c
 .debug_rnglists
                0x00000000       0xb7 ./Driver/DMA/DMA.o
 .debug_rnglists
                0x000000b7       0x5f ./Driver/GPIO/GPIO.o
 .debug_rnglists
                0x00000116      0x124 ./Driver/Timer/Timer.o
 .debug_rnglists
                0x0000023a       0x7c ./Driver/USART/USART.o
 .debug_rnglists
                0x000002b6       0x83 ./Src/main.o
 .debug_rnglists
                0x00000339       0x1a ./Src/system_stm32f4xx.o
 .debug_rnglists
                0x00000353       0x19 ./Startup/startup_stm32f407vgtx.o

.debug_macro    0x00000000      0xe61
 .debug_macro   0x00000000      0x268 ./Driver/DMA/DMA.o
 .debug_macro   0x00000268      0x27a ./Driver/GPIO/GPIO.o
 .debug_macro   0x000004e2      0x290 ./Driver/Timer/Timer.o
 .debug_macro   0x00000772      0x290 ./Driver/USART/USART.o
 .debug_macro   0x00000a02      0x2ea ./Src/main.o
 .debug_macro   0x00000cec       0xda ./Src/system_stm32f4xx.o
 .debug_macro   0x00000dc6       0x2e ./Src/system_stm32f4xx.o
 .debug_macro   0x00000df4       0x6d ./Src/system_stm32f4xx.o

.debug_line     0x00000000     0x819a
 .debug_line    0x00000000     0x1e1c ./Driver/DMA/DMA.o
 .debug_line    0x00001e1c      0xb7b ./Driver/GPIO/GPIO.o
 .debug_line    0x00002997     0x2415 ./Driver/Timer/Timer.o
 .debug_line    0x00004dac     0x214e ./Driver/USART/USART.o
 .debug_line    0x00006efa      0xcf4 ./Src/main.o
 .debug_line    0x00007bee      0x531 ./Src/system_stm32f4xx.o
 .debug_line    0x0000811f       0x7b ./Startup/startup_stm32f407vgtx.o

.debug_str      0x00000000    0x90727
 .debug_str     0x00000000    0x8e7ef ./Driver/DMA/DMA.o
                              0x8eae2 (size before relaxing)
 .debug_str     0x0008e7ef      0x5eb ./Driver/GPIO/GPIO.o
                              0x8e5c0 (size before relaxing)
 .debug_str     0x0008edda      0xc52 ./Driver/Timer/Timer.o
                              0x8f615 (size before relaxing)
 .debug_str     0x0008fa2c      0x85b ./Driver/USART/USART.o
                              0x8f3c3 (size before relaxing)
 .debug_str     0x00090287      0x3e0 ./Src/main.o
                              0x8f9ed (size before relaxing)
 .debug_str     0x00090667       0x81 ./Src/system_stm32f4xx.o
                              0x8858d (size before relaxing)
 .debug_str     0x000906e8       0x3f ./Startup/startup_stm32f407vgtx.o
                                 0x6f (size before relaxing)

.comment        0x00000000       0x43
 .comment       0x00000000       0x43 ./Driver/DMA/DMA.o
                                 0x44 (size before relaxing)
 .comment       0x00000043       0x44 ./Driver/GPIO/GPIO.o
 .comment       0x00000043       0x44 ./Driver/Timer/Timer.o
 .comment       0x00000043       0x44 ./Driver/USART/USART.o
 .comment       0x00000043       0x44 ./Src/main.o
 .comment       0x00000043       0x44 ./Src/system_stm32f4xx.o

.debug_frame    0x00000000     0x10d8
 .debug_frame   0x00000000      0x338 ./Driver/DMA/DMA.o
 .debug_frame   0x00000338      0x1cc ./Driver/GPIO/GPIO.o
 .debug_frame   0x00000504      0x5ec ./Driver/Timer/Timer.o
 .debug_frame   0x00000af0      0x29c ./Driver/USART/USART.o
 .debug_frame   0x00000d8c      0x2c8 ./Src/main.o
 .debug_frame   0x00001054       0x58 ./Src/system_stm32f4xx.o
 .debug_frame   0x000010ac       0x2c C:/ST/STM32CubeIDE_1.17.0/STM32CubeIDE/plugins/com.st.stm32cube.ide.mcu.externaltools.gnu-tools-for-stm32.12.3.rel1.win32_1.1.0.202410251130/tools/bin/../lib/gcc/arm-none-eabi/12.3.1/../../../../arm-none-eabi/lib/thumb/v7e-m+fp/hard\libc_nano.a(libc_a-init.o)

.debug_line_str
                0x00000000       0x53
 .debug_line_str
                0x00000000       0x53 ./Startup/startup_stm32f407vgtx.o
