../Inc/core_cm4.h:1684:22:__NVIC_EnableIRQ	16	static,ignoring_inline_asm
../Inc/core_cm4.h:1814:22:__NVIC_SetPriority	16	static
../Inc/main.h:46:25:SystemAPB2_Clock_Speed	4	static
../Inc/main.h:191:22:separateFractionAndIntegral	24	static
../Driver/USART/USART.c:48:6:UART4_IRQHandler	8	static
../Driver/USART/USART.c:112:6:USART1_IRQHandler	8	static
../Driver/USART/USART.c:177:8:USART_Get_Instance_Number	16	static
../Driver/USART/USART.c:188:6:USART_Config_Reset	16	static
../Driver/USART/USART.c:198:8:USART_Clock_Enable	16	static
../Driver/USART/USART.c:232:8:USART_Clock_Disable	16	static
../Driver/USART/USART.c:265:13:PIN_Setup	40	static
../Driver/USART/USART.c:479:8:USART_Init	72	static
../Driver/USART/USART.c:698:8:USART_TX_Buffer	32	static
../Driver/USART/USART.c:786:8:USART_RX_Buffer	32	static
../Driver/USART/USART.c:874:6:USART_TX_Single_Byte	16	static
../Driver/USART/USART.c:880:10:USART_RX_Single_Byte	24	static
../Driver/USART/USART.c:888:6:USART_Clear_Status_Regs	16	static
