../Driver/SPI/SPI.c:19:6:SPI1_TX_ISR	0	static
../Driver/SPI/SPI.c:24:6:SPI1_RX_ISR	0	static
../Driver/SPI/SPI.c:151:8:SPI_Clock_Enable	0	static
../Driver/SPI/SPI.c:168:8:SPI_Clock_Disable	0	static
../Driver/SPI/SPI.c:185:8:SPI_Config_Reset	0	static
../Driver/SPI/SPI.c:342:8:SPI_Init	32	static
../Driver/SPI/SPI.c:465:6:SPI_Enable	0	static
../Driver/SPI/SPI.c:477:6:SPI_Disable	0	static
../Driver/SPI/SPI.c:489:6:SPI_DeInit	0	static
../Driver/SPI/SPI.c:505:10:SPI_TRX_Byte	8	static
../Driver/SPI/SPI.c:517:8:SPI_TRX_Buffer_16Bit	24	static,ignoring_inline_asm
../Driver/SPI/SPI.c:671:8:SPI_TRX_Buffer_8Bit	24	static,ignoring_inline_asm
../Driver/SPI/SPI.c:818:6:SPI_Data_Format_Update	8	static
